Component: ARM Compiler 5.06 update 1 (build 61) Tool: armlink [4d35a8]

==============================================================================

Section Cross References

    startup_stm32f427xx.o(STACK) refers (Special) to heapauxi.o(.text) for __use_two_region_memory
    startup_stm32f427xx.o(HEAP) refers (Special) to heapauxi.o(.text) for __use_two_region_memory
    startup_stm32f427xx.o(RESET) refers (Special) to heapauxi.o(.text) for __use_two_region_memory
    startup_stm32f427xx.o(RESET) refers to startup_stm32f427xx.o(STACK) for __initial_sp
    startup_stm32f427xx.o(RESET) refers to startup_stm32f427xx.o(.text) for Reset_Handler
    startup_stm32f427xx.o(RESET) refers to stm32f4xx_it.o(i.NMI_Handler) for NMI_Handler
    startup_stm32f427xx.o(RESET) refers to stm32f4xx_it.o(i.HardFault_Handler) for HardFault_Handler
    startup_stm32f427xx.o(RESET) refers to stm32f4xx_it.o(i.MemManage_Handler) for MemManage_Handler
    startup_stm32f427xx.o(RESET) refers to stm32f4xx_it.o(i.BusFault_Handler) for BusFault_Handler
    startup_stm32f427xx.o(RESET) refers to stm32f4xx_it.o(i.UsageFault_Handler) for UsageFault_Handler
    startup_stm32f427xx.o(RESET) refers to port.o(.emb_text) for SVC_Handler
    startup_stm32f427xx.o(RESET) refers to stm32f4xx_it.o(i.DebugMon_Handler) for DebugMon_Handler
    startup_stm32f427xx.o(RESET) refers to freertos_middleware.o(i.SysTick_Handler) for SysTick_Handler
    startup_stm32f427xx.o(RESET) refers to can.o(i.CAN1_RX0_IRQHandler) for CAN1_RX0_IRQHandler
    startup_stm32f427xx.o(RESET) refers to freertos_middleware.o(i.TIM3_IRQHandler) for TIM3_IRQHandler
    startup_stm32f427xx.o(RESET) refers to remotetask.o(i.USART1_IRQHandler) for USART1_IRQHandler
    startup_stm32f427xx.o(RESET) refers to can.o(i.CAN2_RX0_IRQHandler) for CAN2_RX0_IRQHandler
    startup_stm32f427xx.o(RESET) refers to usart_judge.o(i.USART6_IRQHandler) for USART6_IRQHandler
    startup_stm32f427xx.o(.text) refers (Special) to heapauxi.o(.text) for __use_two_region_memory
    startup_stm32f427xx.o(.text) refers to system_stm32f4xx.o(i.SystemInit) for SystemInit
    startup_stm32f427xx.o(.text) refers to __main.o(!!!main) for __main
    startup_stm32f427xx.o(.text) refers to startup_stm32f427xx.o(HEAP) for Heap_Mem
    startup_stm32f427xx.o(.text) refers to startup_stm32f427xx.o(STACK) for Stack_Mem
    system_stm32f4xx.o(i.SystemCoreClockUpdate) refers to system_stm32f4xx.o(.data) for SystemCoreClock
    system_stm32f4xx.o(i.SystemInit) refers to system_stm32f4xx.o(i.SetSysClock) for SetSysClock
    stm32f4xx_adc.o(i.ADC_DeInit) refers to stm32f4xx_rcc.o(i.RCC_APB2PeriphResetCmd) for RCC_APB2PeriphResetCmd
    stm32f4xx_can.o(i.CAN_DeInit) refers to stm32f4xx_rcc.o(i.RCC_APB1PeriphResetCmd) for RCC_APB1PeriphResetCmd
    stm32f4xx_can.o(i.CAN_GetITStatus) refers to stm32f4xx_can.o(i.CheckITStatus) for CheckITStatus
    stm32f4xx_cryp.o(i.CRYP_DeInit) refers to stm32f4xx_rcc.o(i.RCC_AHB2PeriphResetCmd) for RCC_AHB2PeriphResetCmd
    stm32f4xx_cryp_aes.o(i.CRYP_AES_CBC) refers to stm32f4xx_cryp.o(i.CRYP_KeyStructInit) for CRYP_KeyStructInit
    stm32f4xx_cryp_aes.o(i.CRYP_AES_CBC) refers to stm32f4xx_cryp.o(i.CRYP_FIFOFlush) for CRYP_FIFOFlush
    stm32f4xx_cryp_aes.o(i.CRYP_AES_CBC) refers to stm32f4xx_cryp.o(i.CRYP_Init) for CRYP_Init
    stm32f4xx_cryp_aes.o(i.CRYP_AES_CBC) refers to stm32f4xx_cryp.o(i.CRYP_KeyInit) for CRYP_KeyInit
    stm32f4xx_cryp_aes.o(i.CRYP_AES_CBC) refers to stm32f4xx_cryp.o(i.CRYP_Cmd) for CRYP_Cmd
    stm32f4xx_cryp_aes.o(i.CRYP_AES_CBC) refers to stm32f4xx_cryp.o(i.CRYP_GetFlagStatus) for CRYP_GetFlagStatus
    stm32f4xx_cryp_aes.o(i.CRYP_AES_CBC) refers to stm32f4xx_cryp.o(i.CRYP_IVInit) for CRYP_IVInit
    stm32f4xx_cryp_aes.o(i.CRYP_AES_CBC) refers to stm32f4xx_cryp.o(i.CRYP_GetCmdStatus) for CRYP_GetCmdStatus
    stm32f4xx_cryp_aes.o(i.CRYP_AES_CBC) refers to stm32f4xx_cryp.o(i.CRYP_DataIn) for CRYP_DataIn
    stm32f4xx_cryp_aes.o(i.CRYP_AES_CBC) refers to stm32f4xx_cryp.o(i.CRYP_DataOut) for CRYP_DataOut
    stm32f4xx_cryp_aes.o(i.CRYP_AES_CCM) refers to stm32f4xx_cryp.o(i.CRYP_KeyStructInit) for CRYP_KeyStructInit
    stm32f4xx_cryp_aes.o(i.CRYP_AES_CCM) refers to stm32f4xx_cryp.o(i.CRYP_FIFOFlush) for CRYP_FIFOFlush
    stm32f4xx_cryp_aes.o(i.CRYP_AES_CCM) refers to stm32f4xx_cryp.o(i.CRYP_KeyInit) for CRYP_KeyInit
    stm32f4xx_cryp_aes.o(i.CRYP_AES_CCM) refers to stm32f4xx_cryp.o(i.CRYP_IVInit) for CRYP_IVInit
    stm32f4xx_cryp_aes.o(i.CRYP_AES_CCM) refers to stm32f4xx_cryp.o(i.CRYP_Init) for CRYP_Init
    stm32f4xx_cryp_aes.o(i.CRYP_AES_CCM) refers to stm32f4xx_cryp.o(i.CRYP_PhaseConfig) for CRYP_PhaseConfig
    stm32f4xx_cryp_aes.o(i.CRYP_AES_CCM) refers to stm32f4xx_cryp.o(i.CRYP_DataIn) for CRYP_DataIn
    stm32f4xx_cryp_aes.o(i.CRYP_AES_CCM) refers to stm32f4xx_cryp.o(i.CRYP_Cmd) for CRYP_Cmd
    stm32f4xx_cryp_aes.o(i.CRYP_AES_CCM) refers to stm32f4xx_cryp.o(i.CRYP_GetCmdStatus) for CRYP_GetCmdStatus
[...]
    _printf_flags                            0x00000000   Number         0  printf_stubs.o ABSOLUTE
    _printf_return_value                     0x00000000   Number         0  printf_stubs.o ABSOLUTE
    _printf_sizespec                         0x00000000   Number         0  printf_stubs.o ABSOLUTE
    _printf_widthprec                        0x00000000   Number         0  printf_stubs.o ABSOLUTE
    __ARM_exceptions_init                     - Undefined Weak Reference
    __alloca_initialize                       - Undefined Weak Reference
    __arm_preinit_                            - Undefined Weak Reference
    __cpp_initialize__aeabi_                  - Undefined Weak Reference
    __cxa_finalize                            - Undefined Weak Reference
    __sigvec_lookup                           - Undefined Weak Reference
    _atexit_init                              - Undefined Weak Reference
    _call_atexit_fns                          - Undefined Weak Reference
    _clock_init                               - Undefined Weak Reference
    _fp_trap_big                              - Undefined Weak Reference
    _fp_trap_init                             - Undefined Weak Reference
    _fp_trap_shutdown                         - Undefined Weak Reference
    _get_lc_collate                           - Undefined Weak Reference
    _get_lc_monetary                          - Undefined Weak Reference
    _get_lc_time                              - Undefined Weak Reference
    _getenv_init                              - Undefined Weak Reference
    _handle_redirection                       - Undefined Weak Reference
    _init_alloc                               - Undefined Weak Reference
    _init_user_alloc                          - Undefined Weak Reference
    _initio                                   - Undefined Weak Reference
    _printf_mbtowc                            - Undefined Weak Reference
    _printf_wc                                - Undefined Weak Reference
    _rand_init                                - Undefined Weak Reference
    _signal_finish                            - Undefined Weak Reference
    _signal_init                              - Undefined Weak Reference
    _terminate_alloc                          - Undefined Weak Reference
    _terminate_user_alloc                     - Undefined Weak Reference
    _terminateio                              - Undefined Weak Reference
    __Vectors_Size                           0x000001ac   Number         0  startup_stm32f427xx.o ABSOLUTE
    __Vectors                                0x08000000   Data           4  startup_stm32f427xx.o(RESET)
    __Vectors_End                            0x080001ac   Data           0  startup_stm32f427xx.o(RESET)
    __main                                   0x080001ad   Thumb Code     8  __main.o(!!!main)
    __scatterload                            0x080001b5   Thumb Code     0  __scatter.o(!!!scatter)
    __scatterload_rt2                        0x080001b5   Thumb Code    44  __scatter.o(!!!scatter)
    __scatterload_rt2_thumb_only             0x080001b5   Thumb Code     0  __scatter.o(!!!scatter)
    __scatterload_null                       0x080001c3   Thumb Code     0  __scatter.o(!!!scatter)
    __decompress                             0x080001e9   Thumb Code    90  __dczerorl2.o(!!dczerorl2)
    __decompress1                            0x080001e9   Thumb Code     0  __dczerorl2.o(!!dczerorl2)
    __scatterload_zeroinit                   0x08000245   Thumb Code    28  __scatter_zi.o(!!handler_zi)
    __rt_lib_init                            0x08000261   Thumb Code     0  libinit.o(.ARM.Collect$$libinit$$00000000)
    __rt_lib_init_fp_1                       0x08000263   Thumb Code     0  libinit2.o(.ARM.Collect$$libinit$$00000001)
    __rt_lib_init_alloca_1                   0x08000267   Thumb Code     0  libinit2.o(.ARM.Collect$$libinit$$0000002E)
    __rt_lib_init_argv_1                     0x08000267   Thumb Code     0  libinit2.o(.ARM.Collect$$libinit$$0000002C)
    __rt_lib_init_atexit_1                   0x08000267   Thumb Code     0  libinit2.o(.ARM.Collect$$libinit$$0000001B)
    __rt_lib_init_clock_1                    0x08000267   Thumb Code     0  libinit2.o(.ARM.Collect$$libinit$$00000021)
    __rt_lib_init_cpp_1                      0x08000267   Thumb Code     0  libinit2.o(.ARM.Collect$$libinit$$00000032)
    __rt_lib_init_exceptions_1               0x08000267   Thumb Code     0  libinit2.o(.ARM.Collect$$libinit$$00000030)
    __rt_lib_init_fp_trap_1                  0x08000267   Thumb Code     0  libinit2.o(.ARM.Collect$$libinit$$0000001F)
    __rt_lib_init_getenv_1                   0x08000267   Thumb Code     0  libinit2.o(.ARM.Collect$$libinit$$00000023)
    __rt_lib_init_heap_1                     0x08000267   Thumb Code     0  libinit2.o(.ARM.Collect$$libinit$$0000000A)
    __rt_lib_init_lc_collate_1               0x08000267   Thumb Code     0  libinit2.o(.ARM.Collect$$libinit$$00000011)
    __rt_lib_init_lc_ctype_1                 0x08000267   Thumb Code     0  libinit2.o(.ARM.Collect$$libinit$$00000013)
    __rt_lib_init_lc_monetary_1              0x08000267   Thumb Code     0  libinit2.o(.ARM.Collect$$libinit$$00000015)
    __rt_lib_init_lc_numeric_1               0x08000267   Thumb Code     0  libinit2.o(.ARM.Collect$$libinit$$00000017)
    __rt_lib_init_lc_time_1                  0x08000267   Thumb Code     0  libinit2.o(.ARM.Collect$$libinit$$00000019)
    __rt_lib_init_preinit_1                  0x08000267   Thumb Code     0  libinit2.o(.ARM.Collect$$libinit$$00000004)
    __rt_lib_init_rand_1                     0x08000267   Thumb Code     0  libinit2.o(.ARM.Collect$$libinit$$0000000E)
    __rt_lib_init_return                     0x08000267   Thumb Code     0  libinit2.o(.ARM.Collect$$libinit$$00000033)
    __rt_lib_init_signal_1                   0x08000267   Thumb Code     0  libinit2.o(.ARM.Collect$$libinit$$0000001D)
    __rt_lib_init_stdio_1                    0x08000267   Thumb Code     0  libinit2.o(.ARM.Collect$$libinit$$00000025)
    __rt_lib_init_user_alloc_1               0x08000267   Thumb Code     0  libinit2.o(.ARM.Collect$$libinit$$0000000C)
    __rt_lib_shutdown                        0x08000269   Thumb Code     0  libshutdown.o(.ARM.Collect$$libshutdown$$00000000)
    __rt_lib_shutdown_cpp_1                  0x0800026b   Thumb Code     0  libshutdown2.o(.ARM.Collect$$libshutdown$$00000002)
    __rt_lib_shutdown_fp_trap_1              0x0800026b   Thumb Code     0  libshutdown2.o(.ARM.Collect$$libshutdown$$00000007)
    __rt_lib_shutdown_heap_1                 0x0800026b   Thumb Code     0  libshutdown2.o(.ARM.Collect$$libshutdown$$0000000F)
    __rt_lib_shutdown_return                 0x0800026b   Thumb Code     0  libshutdown2.o(.ARM.Collect$$libshutdown$$00000010)
    __rt_lib_shutdown_signal_1               0x0800026b   Thumb Code     0  libshutdown2.o(.ARM.Collect$$libshutdown$$0000000A)
    __rt_lib_shutdown_stdio_1                0x0800026b   Thumb Code     0  libshutdown2.o(.ARM.Collect$$libshutdown$$00000004)
    __rt_lib_shutdown_user_alloc_1           0x0800026b   Thumb Code     0  libshutdown2.o(.ARM.Collect$$libshutdown$$0000000C)
    __rt_entry                               0x0800026d   Thumb Code     0  __rtentry.o(.ARM.Collect$$rtentry$$00000000)
    __rt_entry_presh_1                       0x0800026d   Thumb Code     0  __rtentry2.o(.ARM.Collect$$rtentry$$00000002)
    __rt_entry_sh                            0x0800026d   Thumb Code     0  __rtentry4.o(.ARM.Collect$$rtentry$$00000004)
    __rt_entry_li                            0x08000273   Thumb Code     0  __rtentry2.o(.ARM.Collect$$rtentry$$0000000A)
    __rt_entry_postsh_1                      0x08000273   Thumb Code     0  __rtentry2.o(.ARM.Collect$$rtentry$$00000009)
    __rt_entry_main                          0x08000277   Thumb Code     0  __rtentry2.o(.ARM.Collect$$rtentry$$0000000D)
    __rt_entry_postli_1                      0x08000277   Thumb Code     0  __rtentry2.o(.ARM.Collect$$rtentry$$0000000C)
    __rt_exit                                0x0800027f   Thumb Code     0  rtexit.o(.ARM.Collect$$rtexit$$00000000)
    __rt_exit_ls                             0x08000281   Thumb Code     0  rtexit2.o(.ARM.Collect$$rtexit$$00000003)
    __rt_exit_prels_1                        0x08000281   Thumb Code     0  rtexit2.o(.ARM.Collect$$rtexit$$00000002)
    __rt_exit_exit                           0x08000285   Thumb Code     0  rtexit2.o(.ARM.Collect$$rtexit$$00000004)
    SVC_Handler                              0x0800028d   Thumb Code    28  port.o(.emb_text)
    __asm___6_port_c_39a90d8d__prvStartFirstTask 0x080002ad   Thumb Code    28  port.o(.emb_text)
    __asm___6_port_c_39a90d8d__prvEnableVFP  0x080002cd   Thumb Code    16  port.o(.emb_text)
    PendSV_Handler                           0x080002e1   Thumb Code    88  port.o(.emb_text)
    vPortGetIPSR                             0x0800033d   Thumb Code     6  port.o(.emb_text)
    Reset_Handler                            0x08000345   Thumb Code    18  startup_stm32f427xx.o(.text)
    ADC_IRQHandler                           0x08000369   Thumb Code     0  startup_stm32f427xx.o(.text)
    CAN1_RX1_IRQHandler                      0x08000369   Thumb Code     0  startup_stm32f427xx.o(.text)
    CAN1_SCE_IRQHandler                      0x08000369   Thumb Code     0  startup_stm32f427xx.o(.text)
    CAN1_TX_IRQHandler                       0x08000369   Thumb Code     0  startup_stm32f427xx.o(.text)
    CAN2_RX1_IRQHandler                      0x08000369   Thumb Code     0  startup_stm32f427xx.o(.text)
    CAN2_SCE_IRQHandler                      0x08000369   Thumb Code     0  startup_stm32f427xx.o(.text)
    CAN2_TX_IRQHandler                       0x08000369   Thumb Code     0  startup_stm32f427xx.o(.text)
    DCMI_IRQHandler                          0x08000369   Thumb Code     0  startup_stm32f427xx.o(.text)
    DMA1_Stream0_IRQHandler                  0x08000369   Thumb Code     0  startup_stm32f427xx.o(.text)
    DMA1_Stream1_IRQHandler                  0x08000369   Thumb Code     0  startup_stm32f427xx.o(.text)
    DMA1_Stream2_IRQHandler                  0x08000369   Thumb Code     0  startup_stm32f427xx.o(.text)
    DMA1_Stream3_IRQHandler                  0x08000369   Thumb Code     0  startup_stm32f427xx.o(.text)
    DMA1_Stream4_IRQHandler                  0x08000369   Thumb Code     0  startup_stm32f427xx.o(.text)
    DMA1_Stream5_IRQHandler                  0x08000369   Thumb Code     0  startup_stm32f427xx.o(.text)
    DMA1_Stream6_IRQHandler                  0x08000369   Thumb Code     0  startup_stm32f427xx.o(.text)
    DMA1_Stream7_IRQHandler                  0x08000369   Thumb Code     0  startup_stm32f427xx.o(.text)
    DMA2D_IRQHandler                         0x08000369   Thumb Code     0  startup_stm32f427xx.o(.text)
    DMA2_Stream0_IRQHandler                  0x08000369   Thumb Code     0  startup_stm32f427xx.o(.text)
    DMA2_Stream1_IRQHandler                  0x08000369   Thumb Code     0  startup_stm32f427xx.o(.text)
    DMA2_Stream2_IRQHandler                  0x08000369   Thumb Code     0  startup_stm32f427xx.o(.text)
    DMA2_Stream3_IRQHandler                  0x08000369   Thumb Code     0  startup_stm32f427xx.o(.text)
    DMA2_Stream4_IRQHandler                  0x08000369   Thumb Code     0  startup_stm32f427xx.o(.text)
    DMA2_Stream5_IRQHandler                  0x08000369   Thumb Code     0  startup_stm32f427xx.o(.text)
    DMA2_Stream6_IRQHandler                  0x08000369   Thumb Code     0  startup_stm32f427xx.o(.text)
    DMA2_Stream7_IRQHandler                  0x08000369   Thumb Code     0  startup_stm32f427xx.o(.text)
    ETH_IRQHandler                           0x08000369   Thumb Code     0  startup_stm32f427xx.o(.text)
    ETH_WKUP_IRQHandler                      0x08000369   Thumb Code     0  startup_stm32f427xx.o(.text)
    EXTI0_IRQHandler                         0x08000369   Thumb Code     0  startup_stm32f427xx.o(.text)
    EXTI15_10_IRQHandler                     0x08000369   Thumb Code     0  startup_stm32f427xx.o(.text)
    EXTI1_IRQHandler                         0x08000369   Thumb Code     0  startup_stm32f427xx.o(.text)
    EXTI2_IRQHandler                         0x08000369   Thumb Code     0  startup_stm32f427xx.o(.text)
    EXTI3_IRQHandler                         0x08000369   Thumb Code     0  startup_stm32f427xx.o(.text)
    EXTI4_IRQHandler                         0x08000369   Thumb Code     0  startup_stm32f427xx.o(.text)
    EXTI9_5_IRQHandler                       0x08000369   Thumb Code     0  startup_stm32f427xx.o(.text)
    FLASH_IRQHandler                         0x08000369   Thumb Code     0  startup_stm32f427xx.o(.text)
    FMC_IRQHandler                           0x08000369   Thumb Code     0  startup_stm32f427xx.o(.text)
    FPU_IRQHandler                           0x08000369   Thumb Code     0  startup_stm32f427xx.o(.text)
    HASH_RNG_IRQHandler                      0x08000369   Thumb Code     0  startup_stm32f427xx.o(.text)
    I2C1_ER_IRQHandler                       0x08000369   Thumb Code     0  startup_stm32f427xx.o(.text)
    I2C1_EV_IRQHandler                       0x08000369   Thumb Code     0  startup_stm32f427xx.o(.text)
    I2C2_ER_IRQHandler                       0x08000369   Thumb Code     0  startup_stm32f427xx.o(.text)
    I2C2_EV_IRQHandler                       0x08000369   Thumb Code     0  startup_stm32f427xx.o(.text)
    I2C3_ER_IRQHandler                       0x08000369   Thumb Code     0  startup_stm32f427xx.o(.text)
    I2C3_EV_IRQHandler                       0x08000369   Thumb Code     0  startup_stm32f427xx.o(.text)
    OTG_FS_IRQHandler                        0x08000369   Thumb Code     0  startup_stm32f427xx.o(.text)
    OTG_FS_WKUP_IRQHandler                   0x08000369   Thumb Code     0  startup_stm32f427xx.o(.text)
    OTG_HS_EP1_IN_IRQHandler                 0x08000369   Thumb Code     0  startup_stm32f427xx.o(.text)
    OTG_HS_EP1_OUT_IRQHandler                0x08000369   Thumb Code     0  startup_stm32f427xx.o(.text)
    OTG_HS_IRQHandler                        0x08000369   Thumb Code     0  startup_stm32f427xx.o(.text)
    OTG_HS_WKUP_IRQHandler                   0x08000369   Thumb Code     0  startup_stm32f427xx.o(.text)
    PVD_IRQHandler                           0x08000369   Thumb Code     0  startup_stm32f427xx.o(.text)
    RCC_IRQHandler                           0x08000369   Thumb Code     0  startup_stm32f427xx.o(.text)
    RTC_Alarm_IRQHandler                     0x08000369   Thumb Code     0  startup_stm32f427xx.o(.text)
    RTC_WKUP_IRQHandler                      0x08000369   Thumb Code     0  startup_stm32f427xx.o(.text)
    SAI1_IRQHandler                          0x08000369   Thumb Code     0  startup_stm32f427xx.o(.text)
    SDIO_IRQHandler                          0x08000369   Thumb Code     0  startup_stm32f427xx.o(.text)
    SPI1_IRQHandler                          0x08000369   Thumb Code     0  startup_stm32f427xx.o(.text)
    SPI2_IRQHandler                          0x08000369   Thumb Code     0  startup_stm32f427xx.o(.text)
    SPI3_IRQHandler                          0x08000369   Thumb Code     0  startup_stm32f427xx.o(.text)
    SPI4_IRQHandler                          0x08000369   Thumb Code     0  startup_stm32f427xx.o(.text)
    SPI5_IRQHandler                          0x08000369   Thumb Code     0  startup_stm32f427xx.o(.text)
    SPI6_IRQHandler                          0x08000369   Thumb Code     0  startup_stm32f427xx.o(.text)
    TAMP_STAMP_IRQHandler                    0x08000369   Thumb Code     0  startup_stm32f427xx.o(.text)
    TIM1_BRK_TIM9_IRQHandler                 0x08000369   Thumb Code     0  startup_stm32f427xx.o(.text)
    TIM1_CC_IRQHandler                       0x08000369   Thumb Code     0  startup_stm32f427xx.o(.text)
    TIM1_TRG_COM_TIM11_IRQHandler            0x08000369   Thumb Code     0  startup_stm32f427xx.o(.text)
    TIM1_UP_TIM10_IRQHandler                 0x08000369   Thumb Code     0  startup_stm32f427xx.o(.text)
    TIM2_IRQHandler                          0x08000369   Thumb Code     0  startup_stm32f427xx.o(.text)
    TIM4_IRQHandler                          0x08000369   Thumb Code     0  startup_stm32f427xx.o(.text)
    TIM5_IRQHandler                          0x08000369   Thumb Code     0  startup_stm32f427xx.o(.text)
    TIM6_DAC_IRQHandler                      0x08000369   Thumb Code     0  startup_stm32f427xx.o(.text)
    TIM7_IRQHandler                          0x08000369   Thumb Code     0  startup_stm32f427xx.o(.text)
    TIM8_BRK_TIM12_IRQHandler                0x08000369   Thumb Code     0  startup_stm32f427xx.o(.text)
    TIM8_CC_IRQHandler                       0x08000369   Thumb Code     0  startup_stm32f427xx.o(.text)
    TIM8_TRG_COM_TIM14_IRQHandler            0x08000369   Thumb Code     0  startup_stm32f427xx.o(.text)
    TIM8_UP_TIM13_IRQHandler                 0x08000369   Thumb Code     0  startup_stm32f427xx.o(.text)
    UART4_IRQHandler                         0x08000369   Thumb Code     0  startup_stm32f427xx.o(.text)
    UART5_IRQHandler                         0x08000369   Thumb Code     0  startup_stm32f427xx.o(.text)
    UART7_IRQHandler                         0x08000369   Thumb Code     0  startup_stm32f427xx.o(.text)
    UART8_IRQHandler                         0x08000369   Thumb Code     0  startup_stm32f427xx.o(.text)
    USART2_IRQHandler                        0x08000369   Thumb Code     0  startup_stm32f427xx.o(.text)
    USART3_IRQHandler                        0x08000369   Thumb Code     0  startup_stm32f427xx.o(.text)
    WWDG_IRQHandler                          0x08000369   Thumb Code     0  startup_stm32f427xx.o(.text)
    __user_initial_stackheap                 0x0800036d   Thumb Code     0  startup_stm32f427xx.o(.text)
    arm_cos_f32                              0x08000395   Thumb Code   108  arm_cos_f32.o(.text)
    arm_sin_f32                              0x0800040d   Thumb Code   104  arm_sin_f32.o(.text)
    __aeabi_memcpy                           0x08000481   Thumb Code     0  rt_memcpy_v6.o(.text)
    __rt_memcpy                              0x08000481   Thumb Code   138  rt_memcpy_v6.o(.text)
    _memcpy_lastbytes                        0x080004e7   Thumb Code     0  rt_memcpy_v6.o(.text)
    __aeabi_memcpy4                          0x0800050b   Thumb Code     0  rt_memcpy_w.o(.text)
    __aeabi_memcpy8                          0x0800050b   Thumb Code     0  rt_memcpy_w.o(.text)
    __rt_memcpy_w                            0x0800050b   Thumb Code   100  rt_memcpy_w.o(.text)
    _memcpy_lastbytes_aligned                0x08000553   Thumb Code     0  rt_memcpy_w.o(.text)
    __aeabi_memset                           0x0800056f   Thumb Code    16  aeabi_memset.o(.text)
    __aeabi_memclr                           0x0800057f   Thumb Code     0  rt_memclr.o(.text)
    __rt_memclr                              0x0800057f   Thumb Code    68  rt_memclr.o(.text)
    _memset                                  0x08000583   Thumb Code     0  rt_memclr.o(.text)
    __aeabi_memclr4                          0x080005c3   Thumb Code     0  rt_memclr_w.o(.text)
    __aeabi_memclr8                          0x080005c3   Thumb Code     0  rt_memclr_w.o(.text)
    __rt_memclr_w                            0x080005c3   Thumb Code    78  rt_memclr_w.o(.text)
    _memset_w                                0x080005c7   Thumb Code     0  rt_memclr_w.o(.text)
    __use_two_region_memory                  0x08000611   Thumb Code     2  heapauxi.o(.text)
    __rt_heap_escrow$2region                 0x08000613   Thumb Code     2  heapauxi.o(.text)
    __rt_heap_expand$2region                 0x08000615   Thumb Code     2  heapauxi.o(.text)
    __read_errno                             0x08000617   Thumb Code    10  _rserrno.o(.text)
    __set_errno                              0x08000621   Thumb Code    12  _rserrno.o(.text)
    __aeabi_errno_addr                       0x0800062d   Thumb Code     8  rt_errno_addr_intlibspace.o(.text)
    __errno$intlibspace                      0x0800062d   Thumb Code     0  rt_errno_addr_intlibspace.o(.text)
    __rt_errno_addr$intlibspace              0x0800062d   Thumb Code     0  rt_errno_addr_intlibspace.o(.text)
    __user_libspace                          0x08000635   Thumb Code     8  libspace.o(.text)
    __user_perproc_libspace                  0x08000635   Thumb Code     0  libspace.o(.text)
    __user_perthread_libspace                0x08000635   Thumb Code     0  libspace.o(.text)
    __user_setup_stackheap                   0x0800063d   Thumb Code    74  sys_stackheap_outer.o(.text)
    exit                                     0x08000687   Thumb Code    18  exit.o(.text)
    _sys_exit                                0x08000699   Thumb Code     8  sys_exit.o(.text)
    __I$use$semihosting                      0x080006a5   Thumb Code     0  use_no_semi.o(.text)
    __use_no_semihosting_swi                 0x080006a5   Thumb Code     2  use_no_semi.o(.text)
    ADC_ClearFlag                            0x080006a7   Thumb Code     6  stm32f4xx_adc.o(i.ADC_ClearFlag)
    __semihosting_library_function           0x080006a7   Thumb Code     0  indicate_semi.o(.text)
    ADC_Cmd                                  0x080006ad   Thumb Code    22  stm32f4xx_adc.o(i.ADC_Cmd)
    ADC_CommonInit                           0x080006c5   Thumb Code    34  stm32f4xx_adc.o(i.ADC_CommonInit)
    ADC_GetConversionValue                   0x080006f5   Thumb Code     8  stm32f4xx_adc.o(i.ADC_GetConversionValue)
    ADC_GetFlagStatus                        0x080006fd   Thumb Code    18  stm32f4xx_adc.o(i.ADC_GetFlagStatus)
    ADC_Init                                 0x08000711   Thumb Code    74  stm32f4xx_adc.o(i.ADC_Init)
    ADC_RegularChannelConfig                 0x08000765   Thumb Code   184  stm32f4xx_adc.o(i.ADC_RegularChannelConfig)
    ADC_SoftwareStartConv                    0x0800081d   Thumb Code    10  stm32f4xx_adc.o(i.ADC_SoftwareStartConv)
    ADC_TempSensorVrefintCmd                 0x08000829   Thumb Code    34  stm32f4xx_adc.o(i.ADC_TempSensorVrefintCmd)
    AHRS_asinf                               0x08000855   Thumb Code    24  ahrs_middleware.o(i.AHRS_asinf)
    AHRS_atan2f                              0x0800086d   Thumb Code    32  ahrs_middleware.o(i.AHRS_atan2f)
    AHRS_cosf                                0x0800088d   Thumb Code    24  ahrs_middleware.o(i.AHRS_cosf)
    AHRS_get_height                          0x080008c1   Thumb Code    12  ahrs_middleware.o(i.AHRS_get_height)
    AHRS_get_latitude                        0x080008d1   Thumb Code    12  ahrs_middleware.o(i.AHRS_get_latitude)
    AHRS_init                                0x080008e1   Thumb Code   626  ahrs.o(i.AHRS_init)
    AHRS_invSqrt                             0x08000b7d   Thumb Code    56  ahrs_middleware.o(i.AHRS_invSqrt)
    AHRS_sinf                                0x08000bb9   Thumb Code    24  ahrs_middleware.o(i.AHRS_sinf)
    AHRS_update                              0x08000bd1   Thumb Code   314  ahrs.o(i.AHRS_update)
    AllInit                                  0x08000d0b   Thumb Code     2  sysctrl.o(i.AllInit)
    BusFault_Handler                         0x08000d0d   Thumb Code     4  stm32f4xx_it.o(i.BusFault_Handler)
    CAN1_Configuration                       0x08000d11   Thumb Code   232  can.o(i.CAN1_Configuration)
    CAN1_RX0_IRQHandler                      0x08000e01   Thumb Code    42  can.o(i.CAN1_RX0_IRQHandler)
    CAN1_TX                                  0x08000e31   Thumb Code   274  can.o(i.CAN1_TX)
    CAN2_Configuration                       0x08000f5d   Thumb Code   262  can.o(i.CAN2_Configuration)
    CAN2_RX0_IRQHandler                      0x0800106d   Thumb Code    42  can.o(i.CAN2_RX0_IRQHandler)
    CAN_ClearITPendingBit                    0x0800109d   Thumb Code   162  stm32f4xx_can.o(i.CAN_ClearITPendingBit)
    CAN_FilterInit                           0x08001145   Thumb Code   258  stm32f4xx_can.o(i.CAN_FilterInit)
    CAN_GetITStatus                          0x0800124d   Thumb Code   284  stm32f4xx_can.o(i.CAN_GetITStatus)
    CAN_ITConfig                             0x0800136d   Thumb Code    18  stm32f4xx_can.o(i.CAN_ITConfig)
    CAN_Init                                 0x0800137f   Thumb Code   276  stm32f4xx_can.o(i.CAN_Init)
    CAN_Receive                              0x08001493   Thumb Code   240  stm32f4xx_can.o(i.CAN_Receive)
    CAN_StructInit                           0x08001583   Thumb Code    32  stm32f4xx_can.o(i.CAN_StructInit)
    CAN_Transmit                             0x080015a3   Thumb Code   294  stm32f4xx_can.o(i.CAN_Transmit)
    CHASSISCtrlByMB                          0x080016c9   Thumb Code   128  chassistask.o(i.CHASSISCtrlByMB)
    CHASSIS_CAN_CtlMotor                     0x08001761   Thumb Code   314  chassistask.o(i.CHASSIS_CAN_CtlMotor)
    CHASSIS_Mecanum_Anlysis                  0x080018c9   Thumb Code   314  chassistask.o(i.CHASSIS_Mecanum_Anlysis)
    CHASSIS_Motor_Process                    0x08001a25   Thumb Code   198  chassistask.o(i.CHASSIS_Motor_Process)
    CHASSIS_PID_Calc                         0x08001b01   Thumb Code   638  pid.o(i.CHASSIS_PID_Calc)
    CHASSIS_PID_Parameter                    0x08001d91   Thumb Code   194  pid.o(i.CHASSIS_PID_Parameter)
    CHASSIS_Task                             0x08001e59   Thumb Code    14  chassistask.o(i.CHASSIS_Task)
    Can1ReceiveMsgProcess                    0x08001e69   Thumb Code   546  can.o(i.Can1ReceiveMsgProcess)
    Can2ReceiveMsgProcess                    0x08002095   Thumb Code   408  can.o(i.Can2ReceiveMsgProcess)
    ChassPowerEdg                            0x08002231   Thumb Code   102  chassistask.o(i.ChassPowerEdg)
    ChassisRC                                0x0800229d   Thumb Code   124  chassistask.o(i.ChassisRC)
    DJI_Judge_Usart_Init                     0x08002335   Thumb Code   334  usart_judge.o(i.DJI_Judge_Usart_Init)
    DMA_ClearFlag                            0x08002495   Thumb Code    38  stm32f4xx_dma.o(i.DMA_ClearFlag)
    DMA_Cmd                                  0x080024c9   Thumb Code    22  stm32f4xx_dma.o(i.DMA_Cmd)
    DMA_DeInit                               0x080024e1   Thumb Code   324  stm32f4xx_dma.o(i.DMA_DeInit)
    DMA_DoubleBufferModeCmd                  0x08002639   Thumb Code    22  stm32f4xx_dma.o(i.DMA_DoubleBufferModeCmd)
    DMA_DoubleBufferModeConfig               0x0800264f   Thumb Code    24  stm32f4xx_dma.o(i.DMA_DoubleBufferModeConfig)
    DMA_GetCurrDataCounter                   0x08002667   Thumb Code     8  stm32f4xx_dma.o(i.DMA_GetCurrDataCounter)
    DMA_GetCurrentMemoryTarget               0x0800266f   Thumb Code    20  stm32f4xx_dma.o(i.DMA_GetCurrentMemoryTarget)
    DMA_GetITStatus                          0x08002685   Thumb Code    82  stm32f4xx_dma.o(i.DMA_GetITStatus)
    DMA_ITConfig                             0x080026e9   Thumb Code    58  stm32f4xx_dma.o(i.DMA_ITConfig)
    DMA_Init                                 0x08002725   Thumb Code    82  stm32f4xx_dma.o(i.DMA_Init)
    DMA_MemoryTargetConfig                   0x0800277d   Thumb Code    10  stm32f4xx_dma.o(i.DMA_MemoryTargetConfig)
    DMA_SetCurrDataCounter                   0x08002787   Thumb Code     4  stm32f4xx_dma.o(i.DMA_SetCurrDataCounter)
    DebugMon_Handler                         0x0800278b   Thumb Code     2  stm32f4xx_it.o(i.DebugMon_Handler)
    Downstir_PID_Parameter                   0x0800278d   Thumb Code    26  pid.o(i.Downstir_PID_Parameter)
    FLASH_ClearFlag                          0x080027ad   Thumb Code     6  stm32f4xx_flash.o(i.FLASH_ClearFlag)
    FLASH_EraseSector                        0x080027b9   Thumb Code   130  stm32f4xx_flash.o(i.FLASH_EraseSector)
    FLASH_GetStatus                          0x08002841   Thumb Code    80  stm32f4xx_flash.o(i.FLASH_GetStatus)
    FLASH_Lock                               0x08002895   Thumb Code    14  stm32f4xx_flash.o(i.FLASH_Lock)
    FLASH_ProgramWord                        0x080028a9   Thumb Code    74  stm32f4xx_flash.o(i.FLASH_ProgramWord)
    FLASH_Unlock                             0x080028f9   Thumb Code    24  stm32f4xx_flash.o(i.FLASH_Unlock)
    FLASH_WaitForLastOperation               0x0800291d   Thumb Code    34  stm32f4xx_flash.o(i.FLASH_WaitForLastOperation)
    Fric_PID_Parameter                       0x08002941   Thumb Code   120  pid.o(i.Fric_PID_Parameter)
    GIMBALIMUYaw_PID_Parameter               0x080029d5   Thumb Code   172  pid.o(i.GIMBALIMUYaw_PID_Parameter)
    GIMBALOutClean                           0x08002a85   Thumb Code    24  gimbaltask.o(i.GIMBALOutClean)
    GIMBALPitch_PID_Parameter                0x08002aa1   Thumb Code   218  pid.o(i.GIMBALPitch_PID_Parameter)
    GIMBALYaw_PID_Parameter                  0x08002b9d   Thumb Code   172  pid.o(i.GIMBALYaw_PID_Parameter)
    GIMBAL_CanbusCtrlMotors                  0x08002c5d   Thumb Code    48  gimbaltask.o(i.GIMBAL_CanbusCtrlMotors)
    GIMBAL_Process                           0x08002c8d   Thumb Code   210  gimbaltask.o(i.GIMBAL_Process)
    GIMBAL_RC_Ctrl                           0x08002d61   Thumb Code   654  gimbaltask.o(i.GIMBAL_RC_Ctrl)
    GIMBAL_RX_Pool                           0x08003041   Thumb Code   300  gimbaltask.o(i.GIMBAL_RX_Pool)
    GIMBAL_RX_Sampled                        0x0800317d   Thumb Code    50  gimbaltask.o(i.GIMBAL_RX_Sampled)
    GIMBAL_Task                              0x080031b1   Thumb Code    82  gimbaltask.o(i.GIMBAL_Task)
    GPIOInit                                 0x08003215   Thumb Code    46  gpio.o(i.GPIOInit)
    GPIO_Init                                0x08003249   Thumb Code   144  stm32f4xx_gpio.o(i.GPIO_Init)
    GPIO_PinAFConfig                         0x080032d9   Thumb Code    70  stm32f4xx_gpio.o(i.GPIO_PinAFConfig)
    GPIO_ResetBits                           0x0800331f   Thumb Code     4  stm32f4xx_gpio.o(i.GPIO_ResetBits)
    GPIO_SetBits                             0x08003323   Thumb Code     4  stm32f4xx_gpio.o(i.GPIO_SetBits)
    GPIO_StructInit                          0x08003327   Thumb Code    18  stm32f4xx_gpio.o(i.GPIO_StructInit)
    GimbalIMUYaw_PID_Calc                    0x080036dd   Thumb Code   534  pid.o(i.GimbalIMUYaw_PID_Calc)
    GimbalModeChange                         0x080038fd   Thumb Code     2  gimbaltask.o(i.GimbalModeChange)
    GimbalPitch_PID_Calc                     0x08003901   Thumb Code   286  pid.o(i.GimbalPitch_PID_Calc)
    GimbalYaw_PID_Calc                       0x08003a39   Thumb Code   534  pid.o(i.GimbalYaw_PID_Calc)
    HardFault_Handler                        0x08003c59   Thumb Code     4  stm32f4xx_it.o(i.HardFault_Handler)
    IMUPID_Calc                              0x08003c5d   Thumb Code   492  imupid.o(i.IMUPID_Calc)
    IMUPID_Init                              0x08003e4d   Thumb Code    92  imupid.o(i.IMUPID_Init)
    INSTask                                  0x08004099   Thumb Code   646  ins_task.o(i.INSTask)
    INS_cali_gyro                            0x0800437d   Thumb Code    96  ins_task.o(i.INS_cali_gyro)
    INS_set_cali_gyro                        0x080043f1   Thumb Code    28  ins_task.o(i.INS_set_cali_gyro)
    Judge_Data_Update                        0x08004411   Thumb Code   470  judge_data.o(i.Judge_Data_Update)
    Judge_Data_check                         0x080045ed   Thumb Code    42  judge_data.o(i.Judge_Data_check)
    Judge_Task                               0x08004621   Thumb Code    10  judge_task.o(i.Judge_Task)
    MemManage_Handler                        0x0800462b   Thumb Code     4  stm32f4xx_it.o(i.MemManage_Handler)
    NMI_Handler                              0x0800462f   Thumb Code     2  stm32f4xx_it.o(i.NMI_Handler)
    NVIC_Init                                0x08004631   Thumb Code   106  misc.o(i.NVIC_Init)
    NVIC_PriorityGroupConfig                 0x080046a9   Thumb Code    10  misc.o(i.NVIC_PriorityGroupConfig)
    PID_Init                                 0x080046bd   Thumb Code    46  pid.o(i.PID_Init)
    PID_Integral                             0x08004709   Thumb Code   598  pid.o(i.PID_Integral)
    PID_limit                                0x0800495f   Thumb Code    46  pid.o(i.PID_limit)
    Power_24V_Init                           0x0800498d   Thumb Code   114  power.o(i.Power_24V_Init)
    RCC_AHB1PeriphClockCmd                   0x08004a09   Thumb Code    26  stm32f4xx_rcc.o(i.RCC_AHB1PeriphClockCmd)
    RCC_APB1PeriphClockCmd                   0x08004a29   Thumb Code    26  stm32f4xx_rcc.o(i.RCC_APB1PeriphClockCmd)
    RCC_APB1PeriphResetCmd                   0x08004a49   Thumb Code    26  stm32f4xx_rcc.o(i.RCC_APB1PeriphResetCmd)
    RCC_APB2PeriphClockCmd                   0x08004a69   Thumb Code    26  stm32f4xx_rcc.o(i.RCC_APB2PeriphClockCmd)
    RCC_APB2PeriphResetCmd                   0x08004a89   Thumb Code    26  stm32f4xx_rcc.o(i.RCC_APB2PeriphResetCmd)
    RCC_GetClocksFreq                        0x08004aa9   Thumb Code   214  stm32f4xx_rcc.o(i.RCC_GetClocksFreq)
    SBUS_TO_RC                               0x08004b91   Thumb Code   168  remotetask.o(i.SBUS_TO_RC)
    SPI5Init                                 0x08004c39   Thumb Code   182  spi.o(i.SPI5Init)
    SPI_Cmd                                  0x08004cf9   Thumb Code    24  stm32f4xx_spi.o(i.SPI_Cmd)
    SPI_I2S_GetFlagStatus                    0x08004d11   Thumb Code    18  stm32f4xx_spi.o(i.SPI_I2S_GetFlagStatus)
    SPI_I2S_ReceiveData                      0x08004d23   Thumb Code     6  stm32f4xx_spi.o(i.SPI_I2S_ReceiveData)
    SPI_I2S_SendData                         0x08004d29   Thumb Code     4  stm32f4xx_spi.o(i.SPI_I2S_SendData)
    SPI_Init                                 0x08004d2d   Thumb Code    60  stm32f4xx_spi.o(i.SPI_Init)
    SysTick_CLKSourceConfig                  0x08004e89   Thumb Code    40  misc.o(i.SysTick_CLKSourceConfig)
    SysTick_Handler                          0x08004eb1   Thumb Code    16  freertos_middleware.o(i.SysTick_Handler)
    SystemInit                               0x08004ec1   Thumb Code    88  system_stm32f4xx.o(i.SystemInit)
    TIM3_IRQHandler                          0x08004f29   Thumb Code    40  freertos_middleware.o(i.TIM3_IRQHandler)
    TIM3_Init                                0x08004f59   Thumb Code   210  timer.o(i.TIM3_Init)
    TIM5_Init                                0x08005035   Thumb Code   310  timer.o(i.TIM5_Init)
    TIM_ARRPreloadConfig                     0x08005179   Thumb Code    24  stm32f4xx_tim.o(i.TIM_ARRPreloadConfig)
    TIM_ClearFlag                            0x08005191   Thumb Code     6  stm32f4xx_tim.o(i.TIM_ClearFlag)
    TIM_Cmd                                  0x08005197   Thumb Code    24  stm32f4xx_tim.o(i.TIM_Cmd)
    TIM_GetITStatus                          0x080051af   Thumb Code    34  stm32f4xx_tim.o(i.TIM_GetITStatus)
    TIM_ITConfig                             0x080051d1   Thumb Code    18  stm32f4xx_tim.o(i.TIM_ITConfig)
    TIM_OC1Init                              0x080051e5   Thumb Code   114  stm32f4xx_tim.o(i.TIM_OC1Init)
    TIM_OC1PreloadConfig                     0x08005261   Thumb Code    18  stm32f4xx_tim.o(i.TIM_OC1PreloadConfig)
    TIM_OC2Init                              0x08005275   Thumb Code   154  stm32f4xx_tim.o(i.TIM_OC2Init)
    TIM_OC2PreloadConfig                     0x08005319   Thumb Code    26  stm32f4xx_tim.o(i.TIM_OC2PreloadConfig)
    TIM_OC3Init                              0x08005335   Thumb Code   150  stm32f4xx_tim.o(i.TIM_OC3Init)
    TIM_OC3PreloadConfig                     0x080053d5   Thumb Code    18  stm32f4xx_tim.o(i.TIM_OC3PreloadConfig)
    TIM_OC4Init                              0x080053e9   Thumb Code   112  stm32f4xx_tim.o(i.TIM_OC4Init)
    TIM_OC4PreloadConfig                     0x08005461   Thumb Code    26  stm32f4xx_tim.o(i.TIM_OC4PreloadConfig)
    TIM_SetCompare1                          0x0800547b   Thumb Code     4  stm32f4xx_tim.o(i.TIM_SetCompare1)
    TIM_SetCompare2                          0x0800547f   Thumb Code     4  stm32f4xx_tim.o(i.TIM_SetCompare2)
    TIM_TimeBaseInit                         0x08005485   Thumb Code   104  stm32f4xx_tim.o(i.TIM_TimeBaseInit)
    USART1_IRQHandler                        0x08005509   Thumb Code   204  remotetask.o(i.USART1_IRQHandler)
    USART6_IRQHandler                        0x080055ed   Thumb Code   122  usart_judge.o(i.USART6_IRQHandler)
    USART_ClearFlag                          0x0800567d   Thumb Code    18  stm32f4xx_usart.o(i.USART_ClearFlag)
    USART_Cmd                                0x0800568f   Thumb Code    24  stm32f4xx_usart.o(i.USART_Cmd)
    USART_DMACmd                             0x080056a7   Thumb Code    18  stm32f4xx_usart.o(i.USART_DMACmd)
    USART_DeInit                             0x080056b9   Thumb Code   206  stm32f4xx_usart.o(i.USART_DeInit)
    USART_GetITStatus                        0x080057a9   Thumb Code    84  stm32f4xx_usart.o(i.USART_GetITStatus)
    USART_ITConfig                           0x080057fd   Thumb Code    74  stm32f4xx_usart.o(i.USART_ITConfig)
    USART_Init                               0x08005849   Thumb Code   204  stm32f4xx_usart.o(i.USART_Init)
    USART_ReceiveData                        0x0800591d   Thumb Code    10  stm32f4xx_usart.o(i.USART_ReceiveData)
    Upstir_PID_Parameter                     0x08005929   Thumb Code    50  pid.o(i.Upstir_PID_Parameter)
    UsageFault_Handler                       0x08005969   Thumb Code     4  stm32f4xx_it.o(i.UsageFault_Handler)
    Usart1_Dbus_Init                         0x0800596d   Thumb Code   312  usartbus.o(i.Usart1_Dbus_Init)
    __ARM_fpclassifyf                        0x08005ab9   Thumb Code    38  fpclassifyf.o(i.__ARM_fpclassifyf)
    __hardfp_asinf                           0x08005ae1   Thumb Code   258  asinf.o(i.__hardfp_asinf)
    __hardfp_atan2f                          0x08005c0d   Thumb Code   502  atan2f.o(i.__hardfp_atan2f)
    __mathlib_flt_infnan                     0x08005e5d   Thumb Code     6  funder.o(i.__mathlib_flt_infnan)
    __mathlib_flt_infnan2                    0x08005e63   Thumb Code     6  funder.o(i.__mathlib_flt_infnan2)
    __mathlib_flt_invalid                    0x08005e69   Thumb Code    10  funder.o(i.__mathlib_flt_invalid)
    __mathlib_flt_underflow                  0x08005e79   Thumb Code    10  funder.o(i.__mathlib_flt_underflow)
    buzzer_off                               0x08006351   Thumb Code    12  buzzer.o(i.buzzer_off)
    buzzer_on                                0x08006361   Thumb Code    22  buzzer.o(i.buzzer_on)
    cali_param_init                          0x080065b9   Thumb Code   168  calibrate_task.o(i.cali_param_init)
    calibrate_task                           0x08006671   Thumb Code   292  calibrate_task.o(i.calibrate_task)
    delay_init                               0x080067a9   Thumb Code    90  delay.o(i.delay_init)
    delay_ms                                 0x08006815   Thumb Code    76  delay.o(i.delay_ms)
    delay_us                                 0x08006865   Thumb Code    76  delay.o(i.delay_us)
    first_order_filter_init                  0x080068b5   Thumb Code    32  user_lib.o(i.first_order_filter_init)
    flash_read                               0x080068d9   Thumb Code    32  flash.o(i.flash_read)
    flash_write_single_address               0x080068f9   Thumb Code   184  flash.o(i.flash_write_single_address)
    float_constrain                          0x080069b1   Thumb Code    42  user_lib.o(i.float_constrain)
    float_deadline                           0x080069dd   Thumb Code    30  user_lib.o(i.float_deadline)
    float_map                                0x08006a01   Thumb Code    84  user_lib.o(i.float_map)
    get_angle                                0x08006a8d   Thumb Code   232  ahrs.o(i.get_angle)
    get_control_temperate                    0x08006b75   Thumb Code     8  calibrate_task.o(i.get_control_temperate)
    get_crc16_check_sum                      0x08006b81   Thumb Code    46  judge_crc.o(i.get_crc16_check_sum)
    get_crc8_check_sum                       0x08006bb5   Thumb Code    32  judge_crc.o(i.get_crc8_check_sum)
    get_temprate                             0x08006bd9   Thumb Code    80  adc.o(i.get_temprate)
    gyro_offset                              0x08006c35   Thumb Code    98  mpu6500driver.o(i.gyro_offset)
    ist8310_GPIO_init                        0x08006c9d   Thumb Code    84  ist8310driver_middleware.o(i.ist8310_GPIO_init)
    ist8310_IIC_read_single_reg              0x08006cf5   Thumb Code    40  ist8310driver_middleware.o(i.ist8310_IIC_read_single_reg)
    ist8310_IIC_write_single_reg             0x08006d21   Thumb Code    32  ist8310driver_middleware.o(i.ist8310_IIC_write_single_reg)
    ist8310_RST_H                            0x08006d45   Thumb Code    12  ist8310driver_middleware.o(i.ist8310_RST_H)
    ist8310_RST_L                            0x08006d55   Thumb Code    12  ist8310driver_middleware.o(i.ist8310_RST_L)
    ist8310_auto_com_by_mpu6500              0x08006d65   Thumb Code    20  ist8310driver_middleware.o(i.ist8310_auto_com_by_mpu6500)
    ist8310_com_init                         0x08006d7d   Thumb Code     2  ist8310driver_middleware.o(i.ist8310_com_init)
    ist8310_delay_ms                         0x08006d7f   Thumb Code    12  ist8310driver_middleware.o(i.ist8310_delay_ms)
    ist8310_delay_us                         0x08006d8b   Thumb Code    12  ist8310driver_middleware.o(i.ist8310_delay_us)
    ist8310_init                             0x08006d99   Thumb Code   140  ist8310driver.o(i.ist8310_init)
    ist8310_read_over                        0x08006e29   Thumb Code   126  ist8310driver.o(i.ist8310_read_over)
    laser_configuration                      0x08006ead   Thumb Code    54  laser.o(i.laser_configuration)
    laser_on                                 0x08006ee9   Thumb Code    14  laser.o(i.laser_on)
    main                                     0x08006efd   Thumb Code    82  main.o(i.main)
    mpu6500_GPIO_init                        0x08006f51   Thumb Code    48  mpu6500driver_middleware.o(i.mpu6500_GPIO_init)
    mpu6500_SPI_NS_H                         0x08006f85   Thumb Code    12  mpu6500driver_middleware.o(i.mpu6500_SPI_NS_H)
    mpu6500_SPI_NS_L                         0x08006f95   Thumb Code    12  mpu6500driver_middleware.o(i.mpu6500_SPI_NS_L)
    mpu6500_com_init                         0x08006ff9   Thumb Code     8  mpu6500driver_middleware.o(i.mpu6500_com_init)
    mpu6500_init                             0x08007001   Thumb Code   192  mpu6500driver.o(i.mpu6500_init)
    mpu6500_middleware_delay_ms              0x080070c5   Thumb Code    12  mpu6500driver_middleware.o(i.mpu6500_middleware_delay_ms)
    mpu6500_middleware_delay_us              0x080070d1   Thumb Code    12  mpu6500driver_middleware.o(i.mpu6500_middleware_delay_us)
    mpu6500_read_muli_reg                    0x080070dd   Thumb Code    56  mpu6500driver_middleware.o(i.mpu6500_read_muli_reg)
    mpu6500_read_over                        0x08007115   Thumb Code   304  mpu6500driver.o(i.mpu6500_read_over)
    mpu6500_read_single_reg                  0x08007255   Thumb Code    32  mpu6500driver_middleware.o(i.mpu6500_read_single_reg)
    mpu6500_write_muli_reg                   0x08007275   Thumb Code    52  mpu6500driver_middleware.o(i.mpu6500_write_muli_reg)
    mpu6500_write_single_reg                 0x080072a9   Thumb Code    28  mpu6500driver_middleware.o(i.mpu6500_write_single_reg)
    pvPortMalloc                             0x08007d09   Thumb Code   296  heap_4.o(i.pvPortMalloc)
    pvTaskIncrementMutexHeldCount            0x08007e45   Thumb Code    26  tasks.o(i.pvTaskIncrementMutexHeldCount)
    pxPortInitialiseStack                    0x08007e65   Thumb Code    38  port.o(i.pxPortInitialiseStack)
    ramp_init                                0x08007f15   Thumb Code    40  user_lib.o(i.ramp_init)
    remote_control_init                      0x08007f41   Thumb Code    16  remotetask.o(i.remote_control_init)
    sqrtf                                    0x08007f55   Thumb Code    62  sqrtf_full.o(i.sqrtf)
    startTast                                0x08007f95   Thumb Code    24  start_task.o(i.startTast)
    start_task                               0x08007fc1   Thumb Code   130  start_task.o(i.start_task)
    temperature_ADC_init                     0x080080d9   Thumb Code    80  adc.o(i.temperature_ADC_init)
    uxListRemove                             0x080081a7   Thumb Code    40  list.o(i.uxListRemove)
    uxTaskGetStackHighWaterMark              0x080081d1   Thumb Code    34  tasks.o(i.uxTaskGetStackHighWaterMark)
    vListInitialise                          0x080081f9   Thumb Code    26  list.o(i.vListInitialise)
    vListInitialiseItem                      0x08008213   Thumb Code     6  list.o(i.vListInitialiseItem)
    vListInsert                              0x08008219   Thumb Code    52  list.o(i.vListInsert)
    vListInsertEnd                           0x0800824d   Thumb Code    24  list.o(i.vListInsertEnd)
    vPortEnterCritical                       0x08008265   Thumb Code    76  port.o(i.vPortEnterCritical)
    vPortExitCritical                        0x080082b9   Thumb Code    56  port.o(i.vPortExitCritical)
    vPortFree                                0x080082f5   Thumb Code   140  heap_4.o(i.vPortFree)
    vPortSetupTimerInterrupt                 0x08008389   Thumb Code     2  freertos_middleware.o(i.vPortSetupTimerInterrupt)
    vPortValidateInterruptPriority           0x0800838d   Thumb Code   106  port.o(i.vPortValidateInterruptPriority)
    vQueueAddToRegistry                      0x08008405   Thumb Code    38  queue.o(i.vQueueAddToRegistry)
    vQueueWaitForMessageRestricted           0x08008431   Thumb Code    74  queue.o(i.vQueueWaitForMessageRestricted)
    vTaskDelay                               0x0800847d   Thumb Code    82  tasks.o(i.vTaskDelay)
    vTaskDelayUntil                          0x080084d9   Thumb Code   200  tasks.o(i.vTaskDelayUntil)
    vTaskDelete                              0x080085ad   Thumb Code   202  tasks.o(i.vTaskDelete)
    vTaskMissedYield                         0x080086a1   Thumb Code     8  tasks.o(i.vTaskMissedYield)
    vTaskPlaceOnEventList                    0x080086ad   Thumb Code    52  tasks.o(i.vTaskPlaceOnEventList)
    vTaskPlaceOnEventListRestricted          0x080086e5   Thumb Code    60  tasks.o(i.vTaskPlaceOnEventListRestricted)
    vTaskPriorityInherit                     0x08008725   Thumb Code   164  tasks.o(i.vTaskPriorityInherit)
    vTaskSetTimeOutState                     0x080087d5   Thumb Code    38  tasks.o(i.vTaskSetTimeOutState)
    vTaskStartScheduler                      0x08008805   Thumb Code   118  tasks.o(i.vTaskStartScheduler)
    vTaskSuspendAll                          0x08008899   Thumb Code    12  tasks.o(i.vTaskSuspendAll)
    vTaskSwitchContext                       0x080088a9   Thumb Code   118  tasks.o(i.vTaskSwitchContext)
    verify_crc16_check_sum                   0x08008935   Thumb Code    60  judge_crc.o(i.verify_crc16_check_sum)
    verify_crc8_check_sum                    0x08008975   Thumb Code    48  judge_crc.o(i.verify_crc8_check_sum)
    xPortStartScheduler                      0x080089a5   Thumb Code   288  port.o(i.xPortStartScheduler)
    xPortSysTickHandler                      0x08008ae1   Thumb Code    46  port.o(i.xPortSysTickHandler)
    xQueueGenericCreate                      0x08008b15   Thumb Code    88  queue.o(i.xQueueGenericCreate)
    xQueueGenericReceive                     0x08008b6d   Thumb Code   446  queue.o(i.xQueueGenericReceive)
    xQueueGenericReset                       0x08008d31   Thumb Code   146  queue.o(i.xQueueGenericReset)
    xQueueGenericSend                        0x08008dc9   Thumb Code   452  queue.o(i.xQueueGenericSend)
    xQueueGenericSendFromISR                 0x08008f91   Thumb Code   264  queue.o(i.xQueueGenericSendFromISR)
    xTaskCheckForTimeOut                     0x08009099   Thumb Code   132  tasks.o(i.xTaskCheckForTimeOut)
    xTaskCreate                              0x08009125   Thumb Code    96  tasks.o(i.xTaskCreate)
    xTaskGetSchedulerState                   0x08009185   Thumb Code    24  tasks.o(i.xTaskGetSchedulerState)
    xTaskGetTickCount                        0x080091a5   Thumb Code     6  tasks.o(i.xTaskGetTickCount)
    xTaskIncrementTick                       0x080091b1   Thumb Code   282  tasks.o(i.xTaskIncrementTick)
    xTaskPriorityDisinherit                  0x080092f9   Thumb Code   188  tasks.o(i.xTaskPriorityDisinherit)
    xTaskRemoveFromEventList                 0x080093c1   Thumb Code   128  tasks.o(i.xTaskRemoveFromEventList)
    xTaskResumeAll                           0x08009459   Thumb Code   224  tasks.o(i.xTaskResumeAll)
    xTimerCreateTimerTask                    0x0800955d   Thumb Code    64  timers.o(i.xTimerCreateTimerTask)
    xTimerGenericCommand                     0x080095b1   Thumb Code   126  timers.o(i.xTimerGenericCommand)
    _fp_init                                 0x08009635   Thumb Code    10  fpinit.o(x$fpl$fpinit)
    __fplib_config_fpu_vfp                   0x0800963d   Thumb Code     0  fpinit.o(x$fpl$fpinit)
    __fplib_config_pureend_doubles           0x0800963d   Thumb Code     0  fpinit.o(x$fpl$fpinit)
    __I$use$fp                               0x0800963e   Number         0  usenofp.o(x$fpl$usenofp)
    CRC8_INIT                                0x0800969e   Data           1  judge_crc.o(.constdata)
    CRC8_TAB                                 0x0800969f   Data         256  judge_crc.o(.constdata)
    wCRC_Table                               0x080097a0   Data         512  judge_crc.o(.constdata)
    sinTable_f32                             0x080099ac   Data        2052  arm_common_tables.o(.constdata)
    Region$$Table$$Base                      0x0800a1b0   Number         0  anon$$obj.o(Region$$Table)
    Region$$Table$$Limit                     0x0800a1d0   Number         0  anon$$obj.o(Region$$Table)
    SystemCoreClock                          0x20000000   Data           4  system_stm32f4xx.o(.data)
    AHBPrescTable                            0x20000004   Data          16  system_stm32f4xx.o(.data)
    Chassis_Rx                               0x20000024   Data           8  can.o(.data)
    MsgCap                                   0x2000002c   Data           8  can.o(.data)
    IDen                                     0x20000044   Data           2  can.o(.data)
    pxCurrentTCB                             0x20000054   Data           4  tasks.o(.data)
    Lastchassissw                            0x200000f8   Data           2  chassistask.o(.data)
    Y1                                       0x2000011e   Data           2  gimbaltask.o(.data)
    Y2                                       0x20000120   Data           2  gimbaltask.o(.data)
    lastkey                                  0x20000122   Data           2  gimbaltask.o(.data)
    calibrate_task_stack                     0x20000124   Data           4  calibrate_task.o(.data)
    cali_hook_fun                            0x2000014c   Data          20  calibrate_task.o(.data)
    INSTaskStack                             0x20000168   Data           4  ins_task.o(.data)
    FreeRTOSRunTimeTicks                     0x200001e0   Data           8  freertos_middleware.o(.data)
    CRC_INIT                                 0x200001ec   Data           2  judge_crc.o(.data)
    Judge_Send_Data_Long                     0x200001f0   Data           4  judge_data.o(.data)
    Judge_Send_Data_Long_1                   0x200001f4   Data           4  judge_data.o(.data)
    i                                        0x200001f8   Data           4  judge_data.o(.data)
    Shoot_RX                                 0x20000214   Data          12  can.o(.bss)
    Gimbal_RX                                0x20000220   Data          24  can.o(.bss)
    CanRX_Power                              0x20000238   Data          16  can.o(.bss)
    Msg                                      0x20000248   Data         120  can.o(.bss)
    xQueueRegistry                           0x200002c0   Data          64  queue.o(.bss)
    CHASSIS                                  0x2002060c   Data          24  chassistask.o(.bss)
    GIMBAL                                   0x20020650   Data         160  gimbaltask.o(.bss)
    RC_Ctl                                   0x200208fc   Data          22  remotetask.o(.bss)
    Chassis_Pid_Motor                        0x20020914   Data         336  pid.o(.bss)
    Upstir                                   0x20020a64   Data          64  pid.o(.bss)
    DownstirPID                              0x20020aa4   Data          64  pid.o(.bss)
    Fric                                     0x20020ae4   Data         136  pid.o(.bss)
    KP                                       0x20020b6c   Data          20  pid.o(.bss)
    HardPitch                                0x20020b80   Data         212  pid.o(.bss)
    Yaw                                      0x20020c54   Data         212  pid.o(.bss)
    pitch                                    0x20020d28   Data          16  pid.o(.bss)
    IMUYaw                                   0x20020d38   Data         212  pid.o(.bss)
    DJI_Judge                                0x20020e0c   Data         444  judge_data.o(.bss)
    Judge_Send_Dataa                         0x20020fc8   Data         200  judge_data.o(.bss)
    Judge_Student_Communicate_Dataa          0x20021090   Data         200  judge_data.o(.bss)
    dataaa                                   0x20021158   Data          12  judge_data.o(.bss)
    DJI_Judge_Usart_Buff                     0x20021164   Data         400  usart_judge.o(.bss)
    __libspace_start                         0x200212f4   Data          96  libspace.o(.bss)
    __temporary_stack_top$libspace           0x20021354   Data           0  libspace.o(.bss)



==============================================================================

Memory Map of the image

  Image Entry point : 0x080001ad

  Load Region LR_IROM1 (Base: 0x08000000, Size: 0x0000a3e4, Max: 0x00200000, ABSOLUTE, COMPRESSED[0x0000a23c])

    Execution Region ER_IROM1 (Base: 0x08000000, Size: 0x0000a1d0, Max: 0x00200000, ABSOLUTE)

    Base Addr    Size         Type   Attr      Idx    E Section Name        Object

    0x08000000   0x000001ac   Data   RO            3    RESET               startup_stm32f427xx.o
    0x080001ac   0x00000008   Code   RO         9335  * !!!main             c_w.l(__main.o)
    0x080001b4   0x00000034   Code   RO         9741    !!!scatter          c_w.l(__scatter.o)
    0x080001e8   0x0000005a   Code   RO         9739    !!dczerorl2         c_w.l(__dczerorl2.o)
    0x08000242   0x00000002   PAD
    0x08000244   0x0000001c   Code   RO         9743    !!handler_zi        c_w.l(__scatter_zi.o)
    0x08000260   0x00000002   Code   RO         9581    .ARM.Collect$$libinit$$00000000  c_w.l(libinit.o)
    0x08000262   0x00000004   Code   RO         9605    .ARM.Collect$$libinit$$00000001  c_w.l(libinit2.o)
    0x08000266   0x00000000   Code   RO         9608    .ARM.Collect$$libinit$$00000004  c_w.l(libinit2.o)
    0x08000266   0x00000000   Code   RO         9611    .ARM.Collect$$libinit$$0000000A  c_w.l(libinit2.o)
    0x08000266   0x00000000   Code   RO         9613    .ARM.Collect$$libinit$$0000000C  c_w.l(libinit2.o)
    0x08000266   0x00000000   Code   RO         9615    .ARM.Collect$$libinit$$0000000E  c_w.l(libinit2.o)
    0x08000266   0x00000000   Code   RO         9618    .ARM.Collect$$libinit$$00000011  c_w.l(libinit2.o)
    0x08000266   0x00000000   Code   RO         9620    .ARM.Collect$$libinit$$00000013  c_w.l(libinit2.o)
    0x08000266   0x00000000   Code   RO         9622    .ARM.Collect$$libinit$$00000015  c_w.l(libinit2.o)
    0x08000266   0x00000000   Code   RO         9624    .ARM.Collect$$libinit$$00000017  c_w.l(libinit2.o)
    0x08000266   0x00000000   Code   RO         9626    .ARM.Collect$$libinit$$00000019  c_w.l(libinit2.o)
    0x08000266   0x00000000   Code   RO         9628    .ARM.Collect$$libinit$$0000001B  c_w.l(libinit2.o)
    0x08000266   0x00000000   Code   RO         9630    .ARM.Collect$$libinit$$0000001D  c_w.l(libinit2.o)
    0x08000266   0x00000000   Code   RO         9632    .ARM.Collect$$libinit$$0000001F  c_w.l(libinit2.o)
    0x08000266   0x00000000   Code   RO         9634    .ARM.Collect$$libinit$$00000021  c_w.l(libinit2.o)
    0x08000266   0x00000000   Code   RO         9636    .ARM.Collect$$libinit$$00000023  c_w.l(libinit2.o)
    0x08000266   0x00000000   Code   RO         9638    .ARM.Collect$$libinit$$00000025  c_w.l(libinit2.o)
    0x08000266   0x00000000   Code   RO         9642    .ARM.Collect$$libinit$$0000002C  c_w.l(libinit2.o)
    0x08000266   0x00000000   Code   RO         9644    .ARM.Collect$$libinit$$0000002E  c_w.l(libinit2.o)
    0x08000266   0x00000000   Code   RO         9646    .ARM.Collect$$libinit$$00000030  c_w.l(libinit2.o)
    0x08000266   0x00000000   Code   RO         9648    .ARM.Collect$$libinit$$00000032  c_w.l(libinit2.o)
    0x08000266   0x00000002   Code   RO         9649    .ARM.Collect$$libinit$$00000033  c_w.l(libinit2.o)
    0x08000268   0x00000002   Code   RO         9685    .ARM.Collect$$libshutdown$$00000000  c_w.l(libshutdown.o)
    0x0800026a   0x00000000   Code   RO         9702    .ARM.Collect$$libshutdown$$00000002  c_w.l(libshutdown2.o)
    0x0800026a   0x00000000   Code   RO         9704    .ARM.Collect$$libshutdown$$00000004  c_w.l(libshutdown2.o)
    0x0800026a   0x00000000   Code   RO         9707    .ARM.Collect$$libshutdown$$00000007  c_w.l(libshutdown2.o)
    0x0800026a   0x00000000   Code   RO         9710    .ARM.Collect$$libshutdown$$0000000A  c_w.l(libshutdown2.o)
    0x0800026a   0x00000000   Code   RO         9712    .ARM.Collect$$libshutdown$$0000000C  c_w.l(libshutdown2.o)
    0x0800026a   0x00000000   Code   RO         9715    .ARM.Collect$$libshutdown$$0000000F  c_w.l(libshutdown2.o)
    0x0800026a   0x00000002   Code   RO         9716    .ARM.Collect$$libshutdown$$00000010  c_w.l(libshutdown2.o)
    0x0800026c   0x00000000   Code   RO         9385    .ARM.Collect$$rtentry$$00000000  c_w.l(__rtentry.o)
    0x0800026c   0x00000000   Code   RO         9498    .ARM.Collect$$rtentry$$00000002  c_w.l(__rtentry2.o)
    0x0800026c   0x00000006   Code   RO         9510    .ARM.Collect$$rtentry$$00000004  c_w.l(__rtentry4.o)
    0x08000272   0x00000000   Code   RO         9500    .ARM.Collect$$rtentry$$00000009  c_w.l(__rtentry2.o)
    0x08000272   0x00000004   Code   RO         9501    .ARM.Collect$$rtentry$$0000000A  c_w.l(__rtentry2.o)
    0x08000276   0x00000000   Code   RO         9503    .ARM.Collect$$rtentry$$0000000C  c_w.l(__rtentry2.o)
    0x08000276   0x00000008   Code   RO         9504    .ARM.Collect$$rtentry$$0000000D  c_w.l(__rtentry2.o)
    0x0800027e   0x00000002   Code   RO         9596    .ARM.Collect$$rtexit$$00000000  c_w.l(rtexit.o)
    0x08000280   0x00000000   Code   RO         9655    .ARM.Collect$$rtexit$$00000002  c_w.l(rtexit2.o)
    0x08000280   0x00000004   Code   RO         9656    .ARM.Collect$$rtexit$$00000003  c_w.l(rtexit2.o)
    0x08000284   0x00000006   Code   RO         9657    .ARM.Collect$$rtexit$$00000004  c_w.l(rtexit2.o)
    0x0800028a   0x00000002   PAD
    0x0800028c   0x000000b6   Code   RO         7093    .emb_text           port.o
    0x08000342   0x00000002   PAD
    0x08000344   0x00000050   Code   RO            4    .text               startup_stm32f427xx.o
    0x08000394   0x00000078   Code   RO         8982    .text               arm_cortexM4lf_math.lib(arm_cos_f32.o)
    0x0800040c   0x00000074   Code   RO         9035    .text               arm_cortexM4lf_math.lib(arm_sin_f32.o)
    0x08000480   0x0000008a   Code   RO         9323    .text               c_w.l(rt_memcpy_v6.o)
    0x0800050a   0x00000064   Code   RO         9325    .text               c_w.l(rt_memcpy_w.o)
    0x0800056e   0x00000010   Code   RO         9327    .text               c_w.l(aeabi_memset.o)
    0x0800057e   0x00000044   Code   RO         9329    .text               c_w.l(rt_memclr.o)
    0x080005c2   0x0000004e   Code   RO         9331    .text               c_w.l(rt_memclr_w.o)
    0x08000610   0x00000006   Code   RO         9333    .text               c_w.l(heapauxi.o)
    0x08000616   0x00000016   Code   RO         9386    .text               c_w.l(_rserrno.o)
    0x0800062c   0x00000008   Code   RO         9515    .text               c_w.l(rt_errno_addr_intlibspace.o)
    0x08000634   0x00000008   Code   RO         9532    .text               c_w.l(libspace.o)
    0x0800063c   0x0000004a   Code   RO         9535    .text               c_w.l(sys_stackheap_outer.o)
    0x08000686   0x00000012   Code   RO         9574    .text               c_w.l(exit.o)
    0x08000698   0x0000000c   Code   RO         9671    .text               c_w.l(sys_exit.o)
    0x080006a4   0x00000002   Code   RO         9688    .text               c_w.l(use_no_semi.o)
    0x080006a6   0x00000000   Code   RO         9690    .text               c_w.l(indicate_semi.o)
    0x080006a6   0x00000006   Code   RO          329    i.ADC_ClearFlag     stm32f4xx_adc.o
    0x080006ac   0x00000016   Code   RO          331    i.ADC_Cmd           stm32f4xx_adc.o
    0x080006c2   0x00000002   PAD
    0x080006c4   0x00000030   Code   RO          332    i.ADC_CommonInit    stm32f4xx_adc.o
    0x080006f4   0x00000008   Code   RO          343    i.ADC_GetConversionValue  stm32f4xx_adc.o
    0x080006fc   0x00000012   Code   RO          344    i.ADC_GetFlagStatus  stm32f4xx_adc.o
    0x0800070e   0x00000002   PAD
    0x08000710   0x00000054   Code   RO          351    i.ADC_Init          stm32f4xx_adc.o
    0x08000764   0x000000b8   Code   RO          356    i.ADC_RegularChannelConfig  stm32f4xx_adc.o
    0x0800081c   0x0000000a   Code   RO          358    i.ADC_SoftwareStartConv  stm32f4xx_adc.o
    0x08000826   0x00000002   PAD
    0x08000828   0x0000002c   Code   RO          361    i.ADC_TempSensorVrefintCmd  stm32f4xx_adc.o
    0x08000854   0x00000018   Code   RO         7847    i.AHRS_asinf        ahrs_middleware.o
    0x0800086c   0x00000020   Code   RO         7848    i.AHRS_atan2f       ahrs_middleware.o
    0x0800088c   0x00000018   Code   RO         7849    i.AHRS_cosf         ahrs_middleware.o
    0x080008a4   0x0000001a   Code   RO         8892    i.AHRS_fabs         AHRS.lib(ahrs.o)
    0x080008be   0x00000002   PAD
    0x080008c0   0x00000010   Code   RO         7850    i.AHRS_get_height   ahrs_middleware.o
    0x080008d0   0x00000010   Code   RO         7851    i.AHRS_get_latitude  ahrs_middleware.o
    0x080008e0   0x0000029c   Code   RO         8893    i.AHRS_init         AHRS.lib(ahrs.o)
    0x08000b7c   0x0000003c   Code   RO         7852    i.AHRS_invSqrt      ahrs_middleware.o
    0x08000bb8   0x00000018   Code   RO         7853    i.AHRS_sinf         ahrs_middleware.o
    0x08000bd0   0x0000013a   Code   RO         8894    i.AHRS_update       AHRS.lib(ahrs.o)
    0x08000d0a   0x00000002   Code   RO         7484    i.AllInit           sysctrl.o
    0x08000d0c   0x00000004   Code   RO          190    i.BusFault_Handler  stm32f4xx_it.o
    0x08000d10   0x000000f0   Code   RO         5367    i.CAN1_Configuration  can.o
    0x08000e00   0x00000030   Code   RO         5368    i.CAN1_RX0_IRQHandler  can.o
    0x08000e30   0x0000012c   Code   RO         5369    i.CAN1_TX           can.o
    0x08000f5c   0x00000110   Code   RO         5370    i.CAN2_Configuration  can.o
    0x0800106c   0x00000030   Code   RO         5371    i.CAN2_RX0_IRQHandler  can.o
    0x0800109c   0x000000a8   Code   RO          573    i.CAN_ClearITPendingBit  stm32f4xx_can.o
    0x08001144   0x00000108   Code   RO          577    i.CAN_FilterInit    stm32f4xx_can.o
    0x0800124c   0x00000120   Code   RO          579    i.CAN_GetITStatus   stm32f4xx_can.o
    0x0800136c   0x00000012   Code   RO          583    i.CAN_ITConfig      stm32f4xx_can.o
    0x0800137e   0x00000114   Code   RO          584    i.CAN_Init          stm32f4xx_can.o
    0x08001492   0x000000f0   Code   RO          587    i.CAN_Receive       stm32f4xx_can.o
    0x08001582   0x00000020   Code   RO          590    i.CAN_StructInit    stm32f4xx_can.o
    0x080015a2   0x00000126   Code   RO          592    i.CAN_Transmit      stm32f4xx_can.o
    0x080016c8   0x00000098   Code   RO         7281    i.CHASSISCtrlByMB   chassistask.o
    0x08001760   0x00000168   Code   RO         7283    i.CHASSIS_CAN_CtlMotor  chassistask.o
    0x080018c8   0x0000015c   Code   RO         7284    i.CHASSIS_Mecanum_Anlysis  chassistask.o
    0x08001a24   0x000000dc   Code   RO         7285    i.CHASSIS_Motor_Process  chassistask.o
    0x08001b00   0x00000290   Code   RO         8401    i.CHASSIS_PID_Calc  pid.o
    0x08001d90   0x000000c8   Code   RO         8402    i.CHASSIS_PID_Parameter  pid.o
    0x08001e58   0x0000000e   Code   RO         7286    i.CHASSIS_Task      chassistask.o
    0x08001e66   0x00000002   PAD
    0x08001e68   0x0000022c   Code   RO         5372    i.Can1ReceiveMsgProcess  can.o
    0x08002094   0x0000019c   Code   RO         5373    i.Can2ReceiveMsgProcess  can.o
    0x08002230   0x0000006c   Code   RO         7287    i.ChassPowerEdg     chassistask.o
    0x0800229c   0x00000084   Code   RO         7289    i.ChassisRC         chassistask.o
    0x08002320   0x00000012   Code   RO          595    i.CheckITStatus     stm32f4xx_can.o
    0x08002332   0x00000002   PAD
    0x08002334   0x00000160   Code   RO         8849    i.DJI_Judge_Usart_Init  usart_judge.o
    0x08002494   0x00000034   Code   RO         1350    i.DMA_ClearFlag     stm32f4xx_dma.o
    0x080024c8   0x00000016   Code   RO         1352    i.DMA_Cmd           stm32f4xx_dma.o
    0x080024de   0x00000002   PAD
    0x080024e0   0x00000158   Code   RO         1353    i.DMA_DeInit        stm32f4xx_dma.o
    0x08002638   0x00000016   Code   RO         1354    i.DMA_DoubleBufferModeCmd  stm32f4xx_dma.o
    0x0800264e   0x00000018   Code   RO         1355    i.DMA_DoubleBufferModeConfig  stm32f4xx_dma.o
    0x08002666   0x00000008   Code   RO         1358    i.DMA_GetCurrDataCounter  stm32f4xx_dma.o
    0x0800266e   0x00000014   Code   RO         1359    i.DMA_GetCurrentMemoryTarget  stm32f4xx_dma.o
    0x08002682   0x00000002   PAD
    0x08002684   0x00000064   Code   RO         1362    i.DMA_GetITStatus   stm32f4xx_dma.o
    0x080026e8   0x0000003a   Code   RO         1363    i.DMA_ITConfig      stm32f4xx_dma.o
    0x08002722   0x00000002   PAD
    0x08002724   0x00000058   Code   RO         1364    i.DMA_Init          stm32f4xx_dma.o
    0x0800277c   0x0000000a   Code   RO         1365    i.DMA_MemoryTargetConfig  stm32f4xx_dma.o
    0x08002786   0x00000004   Code   RO         1367    i.DMA_SetCurrDataCounter  stm32f4xx_dma.o
    0x0800278a   0x00000002   Code   RO          191    i.DebugMon_Handler  stm32f4xx_it.o
    0x0800278c   0x00000020   Code   RO         8404    i.Downstir_PID_Parameter  pid.o
    0x080027ac   0x0000000c   Code   RO         1701    i.FLASH_ClearFlag   stm32f4xx_flash.o
    0x080027b8   0x00000088   Code   RO         1707    i.FLASH_EraseSector  stm32f4xx_flash.o
    0x08002840   0x00000054   Code   RO         1709    i.FLASH_GetStatus   stm32f4xx_flash.o
    0x08002894   0x00000014   Code   RO         1713    i.FLASH_Lock        stm32f4xx_flash.o
    0x080028a8   0x00000050   Code   RO         1737    i.FLASH_ProgramWord  stm32f4xx_flash.o
    0x080028f8   0x00000024   Code   RO         1739    i.FLASH_Unlock      stm32f4xx_flash.o
    0x0800291c   0x00000022   Code   RO         1740    i.FLASH_WaitForLastOperation  stm32f4xx_flash.o
    0x0800293e   0x00000002   PAD
    0x08002940   0x00000094   Code   RO         8407    i.Fric_PID_Parameter  pid.o
    0x080029d4   0x000000b0   Code   RO         8408    i.GIMBALIMUYaw_PID_Parameter  pid.o
    0x08002a84   0x0000001c   Code   RO         7376    i.GIMBALOutClean    gimbaltask.o
    0x08002aa0   0x000000fc   Code   RO         8409    i.GIMBALPitch_PID_Parameter  pid.o
    0x08002b9c   0x000000c0   Code   RO         8410    i.GIMBALYaw_PID_Parameter  pid.o
    0x08002c5c   0x00000030   Code   RO         7377    i.GIMBAL_CanbusCtrlMotors  gimbaltask.o
    0x08002c8c   0x000000d2   Code   RO         7380    i.GIMBAL_Process    gimbaltask.o
    0x08002d5e   0x00000002   PAD
    0x08002d60   0x000002e0   Code   RO         7381    i.GIMBAL_RC_Ctrl    gimbaltask.o
    0x08003040   0x0000013c   Code   RO         7382    i.GIMBAL_RX_Pool    gimbaltask.o
    0x0800317c   0x00000032   Code   RO         7383    i.GIMBAL_RX_Sampled  gimbaltask.o
    0x080031ae   0x00000002   PAD
    0x080031b0   0x00000064   Code   RO         7384    i.GIMBAL_Task       gimbaltask.o
    0x08003214   0x00000034   Code   RO         5565    i.GPIOInit          gpio.o
    0x08003248   0x00000090   Code   RO         2197    i.GPIO_Init         stm32f4xx_gpio.o
    0x080032d8   0x00000046   Code   RO         2198    i.GPIO_PinAFConfig  stm32f4xx_gpio.o
    0x0800331e   0x00000004   Code   RO         2204    i.GPIO_ResetBits    stm32f4xx_gpio.o
    0x08003322   0x00000004   Code   RO         2205    i.GPIO_SetBits      stm32f4xx_gpio.o
    0x08003326   0x00000012   Code   RO         2206    i.GPIO_StructInit   stm32f4xx_gpio.o
    0x08003338   0x000001d0   Code   RO         5905    i.GetSector         flash.o
    0x08003508   0x000001d4   Code   RO         5906    i.Get_Next_Flash_Address  flash.o
    0x080036dc   0x00000220   Code   RO         8411    i.GimbalIMUYaw_PID_Calc  pid.o
    0x080038fc   0x00000002   Code   RO         7386    i.GimbalModeChange  gimbaltask.o
    0x080038fe   0x00000002   PAD
    0x08003900   0x00000138   Code   RO         8412    i.GimbalPitch_PID_Calc  pid.o
    0x08003a38   0x00000220   Code   RO         8413    i.GimbalYaw_PID_Calc  pid.o
    0x08003c58   0x00000004   Code   RO          192    i.HardFault_Handler  stm32f4xx_it.o
    0x08003c5c   0x000001f0   Code   RO         8564    i.IMUPID_Calc       imupid.o
    0x08003e4c   0x00000060   Code   RO         8565    i.IMUPID_Init       imupid.o
    0x08003eac   0x0000012c   Code   RO         7643    i.IMU_Cali_Slove    ins_task.o
    0x08003fd8   0x000000c0   Code   RO         7644    i.IMU_temp_Control  ins_task.o
    0x08004098   0x000002e4   Code   RO         7645    i.INSTask           ins_task.o
    0x0800437c   0x00000074   Code   RO         7646    i.INS_cali_gyro     ins_task.o
    0x080043f0   0x00000020   Code   RO         7647    i.INS_set_cali_gyro  ins_task.o
    0x08004410   0x000001dc   Code   RO         8730    i.Judge_Data_Update  judge_data.o
    0x080045ec   0x00000034   Code   RO         8731    i.Judge_Data_check  judge_data.o
    0x08004620   0x0000000a   Code   RO         7533    i.Judge_Task        judge_task.o
    0x0800462a   0x00000004   Code   RO          193    i.MemManage_Handler  stm32f4xx_it.o
    0x0800462e   0x00000002   Code   RO          194    i.NMI_Handler       stm32f4xx_it.o
    0x08004630   0x00000078   Code   RO          273    i.NVIC_Init         misc.o
    0x080046a8   0x00000014   Code   RO          274    i.NVIC_PriorityGroupConfig  misc.o
    0x080046bc   0x0000004c   Code   RO         8414    i.PID_Init          pid.o
    0x08004708   0x00000256   Code   RO         8415    i.PID_Integral      pid.o
    0x0800495e   0x0000002e   Code   RO         8417    i.PID_limit         pid.o
    0x0800498c   0x0000007c   Code   RO         5676    i.Power_24V_Init    power.o
    0x08004a08   0x00000020   Code   RO         3135    i.RCC_AHB1PeriphClockCmd  stm32f4xx_rcc.o
    0x08004a28   0x00000020   Code   RO         3144    i.RCC_APB1PeriphClockCmd  stm32f4xx_rcc.o
    0x08004a48   0x00000020   Code   RO         3146    i.RCC_APB1PeriphResetCmd  stm32f4xx_rcc.o
    0x08004a68   0x00000020   Code   RO         3147    i.RCC_APB2PeriphClockCmd  stm32f4xx_rcc.o
    0x08004a88   0x00000020   Code   RO         3149    i.RCC_APB2PeriphResetCmd  stm32f4xx_rcc.o
    0x08004aa8   0x000000e8   Code   RO         3156    i.RCC_GetClocksFreq  stm32f4xx_rcc.o
    0x08004b90   0x000000a8   Code   RO         7794    i.SBUS_TO_RC        remotetask.o
    0x08004c38   0x000000c0   Code   RO         5592    i.SPI5Init          spi.o
    0x08004cf8   0x00000018   Code   RO         4296    i.SPI_Cmd           stm32f4xx_spi.o
    0x08004d10   0x00000012   Code   RO         4304    i.SPI_I2S_GetFlagStatus  stm32f4xx_spi.o
    0x08004d22   0x00000006   Code   RO         4307    i.SPI_I2S_ReceiveData  stm32f4xx_spi.o
    0x08004d28   0x00000004   Code   RO         4308    i.SPI_I2S_SendData  stm32f4xx_spi.o
    0x08004d2c   0x0000003c   Code   RO         4309    i.SPI_Init          stm32f4xx_spi.o
    0x08004d68   0x00000120   Code   RO           13    i.SetSysClock       system_stm32f4xx.o
    0x08004e88   0x00000028   Code   RO          277    i.SysTick_CLKSourceConfig  misc.o
    0x08004eb0   0x00000010   Code   RO         7746    i.SysTick_Handler   freertos_middleware.o
    0x08004ec0   0x00000068   Code   RO           15    i.SystemInit        system_stm32f4xx.o
    0x08004f28   0x00000030   Code   RO         7747    i.TIM3_IRQHandler   freertos_middleware.o
    0x08004f58   0x000000dc   Code   RO         5978    i.TIM3_Init         timer.o
    0x08005034   0x00000144   Code   RO         5979    i.TIM5_Init         timer.o
    0x08005178   0x00000018   Code   RO         4522    i.TIM_ARRPreloadConfig  stm32f4xx_tim.o
    0x08005190   0x00000006   Code   RO         4528    i.TIM_ClearFlag     stm32f4xx_tim.o
    0x08005196   0x00000018   Code   RO         4534    i.TIM_Cmd           stm32f4xx_tim.o
    0x080051ae   0x00000022   Code   RO         4555    i.TIM_GetITStatus   stm32f4xx_tim.o
    0x080051d0   0x00000012   Code   RO         4559    i.TIM_ITConfig      stm32f4xx_tim.o
    0x080051e2   0x00000002   PAD
    0x080051e4   0x0000007c   Code   RO         4563    i.TIM_OC1Init       stm32f4xx_tim.o
    0x08005260   0x00000012   Code   RO         4566    i.TIM_OC1PreloadConfig  stm32f4xx_tim.o
    0x08005272   0x00000002   PAD
    0x08005274   0x000000a4   Code   RO         4568    i.TIM_OC2Init       stm32f4xx_tim.o
    0x08005318   0x0000001a   Code   RO         4571    i.TIM_OC2PreloadConfig  stm32f4xx_tim.o
    0x08005332   0x00000002   PAD
    0x08005334   0x000000a0   Code   RO         4573    i.TIM_OC3Init       stm32f4xx_tim.o
    0x080053d4   0x00000012   Code   RO         4576    i.TIM_OC3PreloadConfig  stm32f4xx_tim.o
    0x080053e6   0x00000002   PAD
    0x080053e8   0x00000078   Code   RO         4578    i.TIM_OC4Init       stm32f4xx_tim.o
    0x08005460   0x0000001a   Code   RO         4580    i.TIM_OC4PreloadConfig  stm32f4xx_tim.o
    0x0800547a   0x00000004   Code   RO         4596    i.TIM_SetCompare1   stm32f4xx_tim.o
    0x0800547e   0x00000004   Code   RO         4597    i.TIM_SetCompare2   stm32f4xx_tim.o
    0x08005482   0x00000002   PAD
    0x08005484   0x00000084   Code   RO         4606    i.TIM_TimeBaseInit  stm32f4xx_tim.o
    0x08005508   0x000000e4   Code   RO         7795    i.USART1_IRQHandler  remotetask.o
    0x080055ec   0x00000090   Code   RO         8851    i.USART6_IRQHandler  usart_judge.o
    0x0800567c   0x00000012   Code   RO         5084    i.USART_ClearFlag   stm32f4xx_usart.o
    0x0800568e   0x00000018   Code   RO         5088    i.USART_Cmd         stm32f4xx_usart.o
    0x080056a6   0x00000012   Code   RO         5089    i.USART_DMACmd      stm32f4xx_usart.o
    0x080056b8   0x000000f0   Code   RO         5090    i.USART_DeInit      stm32f4xx_usart.o
    0x080057a8   0x00000054   Code   RO         5092    i.USART_GetITStatus  stm32f4xx_usart.o
    0x080057fc   0x0000004a   Code   RO         5094    i.USART_ITConfig    stm32f4xx_usart.o
    0x08005846   0x00000002   PAD
    0x08005848   0x000000d4   Code   RO         5095    i.USART_Init        stm32f4xx_usart.o
    0x0800591c   0x0000000a   Code   RO         5102    i.USART_ReceiveData  stm32f4xx_usart.o
    0x08005926   0x00000002   PAD
    0x08005928   0x00000040   Code   RO         8421    i.Upstir_PID_Parameter  pid.o
    0x08005968   0x00000004   Code   RO          195    i.UsageFault_Handler  stm32f4xx_it.o
    0x0800596c   0x0000014c   Code   RO         5535    i.Usart1_Dbus_Init  usartbus.o
    0x08005ab8   0x00000026   Code   RO         9466    i.__ARM_fpclassifyf  m_wm.l(fpclassifyf.o)
    0x08005ade   0x00000002   PAD
    0x08005ae0   0x0000012c   Code   RO         9349    i.__hardfp_asinf    m_wm.l(asinf.o)
    0x08005c0c   0x00000250   Code   RO         9361    i.__hardfp_atan2f   m_wm.l(atan2f.o)
    0x08005e5c   0x00000006   Code   RO         9469    i.__mathlib_flt_infnan  m_wm.l(funder.o)
    0x08005e62   0x00000006   Code   RO         9470    i.__mathlib_flt_infnan2  m_wm.l(funder.o)
    0x08005e68   0x00000010   Code   RO         9471    i.__mathlib_flt_invalid  m_wm.l(funder.o)
    0x08005e78   0x00000010   Code   RO         9474    i.__mathlib_flt_underflow  m_wm.l(funder.o)
    0x08005e88   0x000001d0   Code   RO         8895    i.accel_comple_filter  AHRS.lib(ahrs.o)
    0x08006058   0x0000018c   Code   RO         8896    i.accel_update_kp_ki  AHRS.lib(ahrs.o)
    0x080061e4   0x0000016c   Code   RO         8897    i.angle_to_quat     AHRS.lib(ahrs.o)
    0x08006350   0x00000010   Code   RO         5638    i.buzzer_off        buzzer.o
    0x08006360   0x0000001c   Code   RO         5639    i.buzzer_on         buzzer.o
    0x0800637c   0x000000ec   Code   RO         7565    i.cali_data_read    calibrate_task.o
    0x08006468   0x00000084   Code   RO         7566    i.cali_data_write   calibrate_task.o
    0x080064ec   0x0000001e   Code   RO         7567    i.cali_gimbal_hook  calibrate_task.o
    0x0800650a   0x00000002   PAD
    0x0800650c   0x00000058   Code   RO         7568    i.cali_gyro_hook    calibrate_task.o
    0x08006564   0x00000054   Code   RO         7569    i.cali_head_hook    calibrate_task.o
    0x080065b8   0x000000b8   Code   RO         7570    i.cali_param_init   calibrate_task.o
    0x08006670   0x00000138   Code   RO         7571    i.calibrate_task    calibrate_task.o
    0x080067a8   0x0000006c   Code   RO         5455    i.delay_init        delay.o
    0x08006814   0x00000050   Code   RO         5456    i.delay_ms          delay.o
    0x08006864   0x00000050   Code   RO         5457    i.delay_us          delay.o
    0x080068b4   0x00000024   Code   RO         8292    i.first_order_filter_init  user_lib.o
    0x080068d8   0x00000020   Code   RO         5907    i.flash_read        flash.o
    0x080068f8   0x000000b8   Code   RO         5909    i.flash_write_single_address  flash.o
    0x080069b0   0x0000002a   Code   RO         8294    i.float_constrain   user_lib.o
    0x080069da   0x00000002   PAD
    0x080069dc   0x00000024   Code   RO         8295    i.float_deadline    user_lib.o
    0x08006a00   0x00000054   Code   RO         8296    i.float_map         user_lib.o
    0x08006a54   0x00000038   Code   RO         5861    i.get_ADC           adc.o
    0x08006a8c   0x000000e8   Code   RO         8898    i.get_angle         AHRS.lib(ahrs.o)
    0x08006b74   0x0000000c   Code   RO         7573    i.get_control_temperate  calibrate_task.o
    0x08006b80   0x00000034   Code   RO         8665    i.get_crc16_check_sum  judge_crc.o
    0x08006bb4   0x00000024   Code   RO         8666    i.get_crc8_check_sum  judge_crc.o
    0x08006bd8   0x0000005c   Code   RO         5862    i.get_temprate      adc.o
    0x08006c34   0x00000068   Code   RO         8144    i.gyro_offset       mpu6500driver.o
    0x08006c9c   0x00000058   Code   RO         8051    i.ist8310_GPIO_init  ist8310driver_middleware.o
    0x08006cf4   0x0000002c   Code   RO         8053    i.ist8310_IIC_read_single_reg  ist8310driver_middleware.o
    0x08006d20   0x00000024   Code   RO         8055    i.ist8310_IIC_write_single_reg  ist8310driver_middleware.o
    0x08006d44   0x00000010   Code   RO         8056    i.ist8310_RST_H     ist8310driver_middleware.o
    0x08006d54   0x00000010   Code   RO         8057    i.ist8310_RST_L     ist8310driver_middleware.o
    0x08006d64   0x00000018   Code   RO         8058    i.ist8310_auto_com_by_mpu6500  ist8310driver_middleware.o
    0x08006d7c   0x00000002   Code   RO         8059    i.ist8310_com_init  ist8310driver_middleware.o
    0x08006d7e   0x0000000c   Code   RO         8060    i.ist8310_delay_ms  ist8310driver_middleware.o
    0x08006d8a   0x0000000c   Code   RO         8061    i.ist8310_delay_us  ist8310driver_middleware.o
    0x08006d96   0x00000002   PAD
    0x08006d98   0x00000090   Code   RO         8007    i.ist8310_init      ist8310driver.o
    0x08006e28   0x00000084   Code   RO         8009    i.ist8310_read_over  ist8310driver.o
    0x08006eac   0x0000003c   Code   RO         5496    i.laser_configuration  laser.o
    0x08006ee8   0x00000014   Code   RO         5498    i.laser_on          laser.o
    0x08006efc   0x00000052   Code   RO         6027    i.main              main.o
    0x08006f4e   0x00000002   PAD
    0x08006f50   0x00000034   Code   RO         8207    i.mpu6500_GPIO_init  mpu6500driver_middleware.o
    0x08006f84   0x00000010   Code   RO         8208    i.mpu6500_SPI_NS_H  mpu6500driver_middleware.o
    0x08006f94   0x00000010   Code   RO         8209    i.mpu6500_SPI_NS_L  mpu6500driver_middleware.o
    0x08006fa4   0x00000054   Code   RO         8210    i.mpu6500_SPI_read_write_byte  mpu6500driver_middleware.o
    0x08006ff8   0x00000008   Code   RO         8211    i.mpu6500_com_init  mpu6500driver_middleware.o
    0x08007000   0x000000c4   Code   RO         8145    i.mpu6500_init      mpu6500driver.o
    0x080070c4   0x0000000c   Code   RO         8212    i.mpu6500_middleware_delay_ms  mpu6500driver_middleware.o
    0x080070d0   0x0000000c   Code   RO         8213    i.mpu6500_middleware_delay_us  mpu6500driver_middleware.o
    0x080070dc   0x00000038   Code   RO         8214    i.mpu6500_read_muli_reg  mpu6500driver_middleware.o
    0x08007114   0x00000140   Code   RO         8148    i.mpu6500_read_over  mpu6500driver.o
    0x08007254   0x00000020   Code   RO         8215    i.mpu6500_read_single_reg  mpu6500driver_middleware.o
    0x08007274   0x00000034   Code   RO         8216    i.mpu6500_write_muli_reg  mpu6500driver_middleware.o
    0x080072a8   0x0000001c   Code   RO         8217    i.mpu6500_write_single_reg  mpu6500driver_middleware.o
    0x080072c4   0x00000098   Code   RO         6574    i.prvAddCurrentTaskToDelayedList  tasks.o
    0x0800735c   0x000000b8   Code   RO         6575    i.prvAddNewTaskToReadyList  tasks.o
    0x08007414   0x00000064   Code   RO         6951    i.prvCheckForValidListAndQueue  timers.o
    0x08007478   0x00000064   Code   RO         6576    i.prvCheckTasksWaitingTermination  tasks.o
    0x080074dc   0x0000002a   Code   RO         6329    i.prvCopyDataFromQueue  queue.o
    0x08007506   0x0000007c   Code   RO         6330    i.prvCopyDataToQueue  queue.o
    0x08007582   0x00000012   Code   RO         6577    i.prvDeleteTCB      tasks.o
    0x08007594   0x00000028   Code   RO         6952    i.prvGetNextExpireTime  timers.o
    0x080075bc   0x0000007c   Code   RO         7176    i.prvHeapInit       heap_4.o
    0x08007638   0x00000028   Code   RO         6578    i.prvIdleTask       tasks.o
    0x08007660   0x0000002e   Code   RO         6332    i.prvInitialiseNewQueue  queue.o
    0x0800768e   0x000000b4   Code   RO         6579    i.prvInitialiseNewTask  tasks.o
    0x08007742   0x00000002   PAD
    0x08007744   0x00000068   Code   RO         6580    i.prvInitialiseTaskLists  tasks.o
    0x080077ac   0x00000068   Code   RO         7177    i.prvInsertBlockIntoFreeList  heap_4.o
    0x08007814   0x00000058   Code   RO         6954    i.prvInsertTimerInActiveList  timers.o
    0x0800786c   0x0000001a   Code   RO         6333    i.prvIsQueueEmpty   queue.o
    0x08007886   0x0000001e   Code   RO         6334    i.prvIsQueueFull    queue.o
    0x080078a4   0x00000090   Code   RO         6335    i.prvNotifyQueueSetContainer  queue.o
    0x08007934   0x00000064   Code   RO         6955    i.prvProcessExpiredTimer  timers.o
    0x08007998   0x000000f8   Code   RO         6956    i.prvProcessReceivedCommands  timers.o
    0x08007a90   0x00000074   Code   RO         6957    i.prvProcessTimerOrBlockTask  timers.o
    0x08007b04   0x00000034   Code   RO         6582    i.prvResetNextTaskUnblockTime  tasks.o
    0x08007b38   0x0000002c   Code   RO         6958    i.prvSampleTimeNow  timers.o
    0x08007b64   0x000000a0   Code   RO         6959    i.prvSwitchTimerLists  timers.o
    0x08007c04   0x00000016   Code   RO         6584    i.prvTaskCheckFreeStackSpace  tasks.o
    0x08007c1a   0x00000002   PAD
    0x08007c1c   0x00000040   Code   RO         7094    i.prvTaskExitError  port.o
    0x08007c5c   0x0000001a   Code   RO         6960    i.prvTimerTask      timers.o
    0x08007c76   0x00000092   Code   RO         6336    i.prvUnlockQueue    queue.o
    0x08007d08   0x0000013c   Code   RO         7178    i.pvPortMalloc      heap_4.o
    0x08007e44   0x00000020   Code   RO         6587    i.pvTaskIncrementMutexHeldCount  tasks.o
    0x08007e64   0x0000002c   Code   RO         7095    i.pxPortInitialiseStack  port.o
    0x08007e90   0x00000084   Code   RO         8903    i.quat_normalization  AHRS.lib(ahrs.o)
    0x08007f14   0x0000002c   Code   RO         8302    i.ramp_init         user_lib.o
    0x08007f40   0x00000014   Code   RO         7796    i.remote_control_init  remotetask.o
    0x08007f54   0x0000003e   Code   RO         9487    i.sqrtf             m_wm.l(sqrtf_full.o)
    0x08007f92   0x00000002   PAD
    0x08007f94   0x0000002c   Code   RO         7237    i.startTast         start_task.o
    0x08007fc0   0x000000ec   Code   RO         7238    i.start_task        start_task.o
    0x080080ac   0x0000002c   Code   RO         5863    i.temperature_ADC_Reset  adc.o
    0x080080d8   0x00000054   Code   RO         5864    i.temperature_ADC_init  adc.o
    0x0800812c   0x0000007a   Code   RO         8904    i.update_w          AHRS.lib(ahrs.o)
    0x080081a6   0x00000028   Code   RO         6280    i.uxListRemove      list.o
    0x080081ce   0x00000002   PAD
    0x080081d0   0x00000028   Code   RO         6590    i.uxTaskGetStackHighWaterMark  tasks.o
    0x080081f8   0x0000001a   Code   RO         6281    i.vListInitialise   list.o
    0x08008212   0x00000006   Code   RO         6282    i.vListInitialiseItem  list.o
    0x08008218   0x00000034   Code   RO         6283    i.vListInsert       list.o
    0x0800824c   0x00000018   Code   RO         6284    i.vListInsertEnd    list.o
    0x08008264   0x00000054   Code   RO         7097    i.vPortEnterCritical  port.o
    0x080082b8   0x0000003c   Code   RO         7098    i.vPortExitCritical  port.o
    0x080082f4   0x00000094   Code   RO         7179    i.vPortFree         heap_4.o
    0x08008388   0x00000002   Code   RO         7748    i.vPortSetupTimerInterrupt  freertos_middleware.o
    0x0800838a   0x00000002   PAD
    0x0800838c   0x00000078   Code   RO         7099    i.vPortValidateInterruptPriority  port.o
    0x08008404   0x0000002c   Code   RO         6342    i.vQueueAddToRegistry  queue.o
    0x08008430   0x0000004a   Code   RO         6346    i.vQueueWaitForMessageRestricted  queue.o
    0x0800847a   0x00000002   PAD
    0x0800847c   0x0000005c   Code   RO         6596    i.vTaskDelay        tasks.o
    0x080084d8   0x000000d4   Code   RO         6597    i.vTaskDelayUntil   tasks.o
    0x080085ac   0x000000f4   Code   RO         6598    i.vTaskDelete       tasks.o
    0x080086a0   0x0000000c   Code   RO         6602    i.vTaskMissedYield  tasks.o
    0x080086ac   0x00000038   Code   RO         6604    i.vTaskPlaceOnEventList  tasks.o
    0x080086e4   0x00000040   Code   RO         6605    i.vTaskPlaceOnEventListRestricted  tasks.o
    0x08008724   0x000000b0   Code   RO         6607    i.vTaskPriorityInherit  tasks.o
    0x080087d4   0x00000030   Code   RO         6611    i.vTaskSetTimeOutState  tasks.o
    0x08008804   0x00000094   Code   RO         6612    i.vTaskStartScheduler  tasks.o
    0x08008898   0x00000010   Code   RO         6614    i.vTaskSuspendAll   tasks.o
    0x080088a8   0x0000008c   Code   RO         6615    i.vTaskSwitchContext  tasks.o
    0x08008934   0x00000040   Code   RO         8667    i.verify_crc16_check_sum  judge_crc.o
    0x08008974   0x00000030   Code   RO         8668    i.verify_crc8_check_sum  judge_crc.o
    0x080089a4   0x0000013c   Code   RO         7100    i.xPortStartScheduler  port.o
    0x08008ae0   0x00000034   Code   RO         7101    i.xPortSysTickHandler  port.o
    0x08008b14   0x00000058   Code   RO         6351    i.xQueueGenericCreate  queue.o
    0x08008b6c   0x000001c4   Code   RO         6352    i.xQueueGenericReceive  queue.o
    0x08008d30   0x00000098   Code   RO         6353    i.xQueueGenericReset  queue.o
    0x08008dc8   0x000001c8   Code   RO         6354    i.xQueueGenericSend  queue.o
    0x08008f90   0x00000108   Code   RO         6355    i.xQueueGenericSendFromISR  queue.o
    0x08009098   0x0000008c   Code   RO         6616    i.xTaskCheckForTimeOut  tasks.o
    0x08009124   0x00000060   Code   RO         6617    i.xTaskCreate       tasks.o
    0x08009184   0x00000020   Code   RO         6622    i.xTaskGetSchedulerState  tasks.o
    0x080091a4   0x0000000c   Code   RO         6623    i.xTaskGetTickCount  tasks.o
    0x080091b0   0x00000148   Code   RO         6625    i.xTaskIncrementTick  tasks.o
    0x080092f8   0x000000c8   Code   RO         6628    i.xTaskPriorityDisinherit  tasks.o
    0x080093c0   0x00000098   Code   RO         6629    i.xTaskRemoveFromEventList  tasks.o
    0x08009458   0x00000104   Code   RO         6631    i.xTaskResumeAll    tasks.o
    0x0800955c   0x00000054   Code   RO         6964    i.xTimerCreateTimerTask  timers.o
    0x080095b0   0x00000084   Code   RO         6965    i.xTimerGenericCommand  timers.o
    0x08009634   0x0000000a   Code   RO         9669    x$fpl$fpinit        g_wm.l(fpinit.o)
    0x0800963e   0x00000000   Code   RO         9465    x$fpl$usenofp       g_wm.l(usenofp.o)
    0x0800963e   0x0000000f   Data   RO         7575    .constdata          calibrate_task.o
    0x0800964d   0x00000003   PAD
    0x08009650   0x00000018   Data   RO         7652    .constdata          ins_task.o
    0x08009668   0x0000000c   Data   RO         8010    .constdata          ist8310driver.o
    0x08009674   0x0000002a   Data   RO         8150    .constdata          mpu6500driver.o
    0x0800969e   0x00000302   Data   RO         8669    .constdata          judge_crc.o
    0x080099a0   0x0000000c   Data   RO         8905    .constdata          AHRS.lib(ahrs.o)
    0x080099ac   0x00000804   Data   RO         9259    .constdata          arm_cortexM4lf_math.lib(arm_common_tables.o)
    0x0800a1b0   0x00000020   Data   RO         9737    Region$$Table       anon$$obj.o


    Execution Region RW_IRAM1 (Base: 0x20000000, Size: 0x00023358, Max: 0x00030000, ABSOLUTE, COMPRESSED[0x0000006c])

    Base Addr    Size         Type   Attr      Idx    E Section Name        Object

    0x20000000   0x00000014   Data   RW           16    .data               system_stm32f4xx.o
    0x20000014   0x00000010   Data   RW         3188    .data               stm32f4xx_rcc.o
    0x20000024   0x00000028   Data   RW         5377    .data               can.o
    0x2000004c   0x00000008   Data   RW         5458    .data               delay.o
    0x20000054   0x0000003c   Data   RW         6634    .data               tasks.o
    0x20000090   0x00000014   Data   RW         6971    .data               timers.o
    0x200000a4   0x0000000c   Data   RW         7102    .data               port.o
    0x200000b0   0x00000018   Data   RW         7184    .data               heap_4.o
    0x200000c8   0x0000001c   Data   RW         7239    .data               start_task.o
    0x200000e4   0x00000016   Data   RW         7293    .data               chassistask.o
    0x200000fa   0x00000002   PAD
    0x200000fc   0x00000028   Data   RW         7389    .data               gimbaltask.o
    0x20000124   0x00000044   Data   RW         7576    .data               calibrate_task.o
    0x20000168   0x00000075   Data   RW         7653    .data               ins_task.o
    0x200001dd   0x00000003   PAD
    0x200001e0   0x00000008   Data   RW         7749    .data               freertos_middleware.o
    0x200001e8   0x00000002   Data   RW         7798    .data               remotetask.o
    0x200001ea   0x00000001   Data   RW         8151    .data               mpu6500driver.o
    0x200001eb   0x00000001   PAD
    0x200001ec   0x00000002   Data   RW         8670    .data               judge_crc.o
    0x200001ee   0x00000002   PAD
    0x200001f0   0x00000014   Data   RW         8741    .data               judge_data.o
    0x20000204   0x00000010   Data   RW         8906    .data               AHRS.lib(ahrs.o)
    0x20000214   0x000000ac   Zero   RW         5376    .bss                can.o
    0x200002c0   0x00000040   Zero   RW         6366    .bss                queue.o
    0x20000300   0x000002e4   Zero   RW         6633    .bss                tasks.o
    0x200005e4   0x00000028   Zero   RW         6970    .bss                timers.o
    0x2000060c   0x00020000   Zero   RW         7183    .bss                heap_4.o
    0x2002060c   0x00000044   Zero   RW         7291    .bss                chassistask.o
    0x20020650   0x000000a0   Zero   RW         7388    .bss                gimbaltask.o
    0x200206f0   0x0000009d   Zero   RW         7574    .bss                calibrate_task.o
    0x2002078d   0x00000003   PAD
    0x20020790   0x00000124   Zero   RW         7651    .bss                ins_task.o
    0x200208b4   0x0000005e   Zero   RW         7797    .bss                remotetask.o
    0x20020912   0x00000002   PAD
    0x20020914   0x000004f8   Zero   RW         8424    .bss                pid.o
    0x20020e0c   0x00000358   Zero   RW         8740    .bss                judge_data.o
    0x20021164   0x00000190   Zero   RW         8853    .bss                usart_judge.o
    0x200212f4   0x00000060   Zero   RW         9533    .bss                c_w.l(libspace.o)
    0x20021354   0x00000004   PAD
    0x20021358   0x00001000   Zero   RW            2    HEAP                startup_stm32f427xx.o
    0x20022358   0x00001000   Zero   RW            1    STACK               startup_stm32f427xx.o

